<?xml version="1.0" encoding="utf-8"?>
<TestRun id="fb260945-aa8d-41c9-a7bf-12be15e0c3ef" name="admin@DESKTOP-TCCLH6H 2026-09-23 17:42:59" runUser="DESKTOP-TCCLH6H\CodexSandboxOffline" xmlns="http://microsoft.com/schemas/VisualStudio/TeamTest/2010">
  <Times creation="2026-09-23T17:42:59.9985263+05:30" queuing="2026-09-23T17:42:59.9985270+05:30" start="2026-09-23T17:42:54.9119750+05:30" finish="2026-09-23T17:43:00.5789003+05:30" />
  <TestSettings name="default" id="8b471d5a-acfb-4f15-90a3-58f5a9c1d400">
    <Deployment runDeploymentRoot="admin_DESKTOP-TCCLH6H_2026-09-23_17_42_59" />
  </TestSettings>
  <Results>
    <UnitTestResult executionId="48b17409-85a9-438e-a9ee-824be6b660b0" testId="099a42c3-57f1-3141-4cb0-3e93132ece1c" testName="Jarvis5.Tests.EaFms.Approvals.ApprovalPhaseTatTests.ReviewApprove_ClosesReviewPhase_AndDoesNotTouchWorkflowStatusOrExecutionStatus" computerName="DESKTOP-TCCLH6H" duration="00:00:00.0140644" startTime="2026-09-23T17:43:00.3573652+05:30" endTime="2026-09-23T17:43:00.3573654+05:30" testType="13cdc9d9-ddb5-4fa4-a97d-d965ccfc6d4b" outcome="Passed" testListId="8c84fa94-04c1-424b-9868-57a2d4851a1d" relativeResultsDirectory="48b17409-85a9-438e-a9ee-824be6b660b0" />
    <UnitTestResult executionId="6a672425-83af-4320-8e96-4fdfa957642a" testId="9d7cd68d-dcd8-04b9-5fa8-4f9489ed3c47" testName="Jarvis5.Tests.EaFms.TaskReview.ApprovalTaskReviewTests.Phase10D_BusinessRequestChanges_DoesNotCreateOrChangeTaskReview" computerName="DESKTOP-TCCLH6H" duration="00:00:00.0126984" startTime="2026-09-23T17:42:59.9039177+05:30" endTime="2026-09-23T17:42:59.9039178+05:30" testType="13cdc9d9-ddb5-4fa4-a97d-d965ccfc6d4b" outcome="Passed" testListId="8c84fa94-04c1-424b-9868-57a2d4851a1d" relativeResultsDirectory="6a672425-83af-4320-8e96-4fdfa957642a" />
    <UnitTestResult executionId="e30e834a-f340-4083-aa4b-8b87b6b69f51" testId="3833e0a8-75ad-ab7c-1665-4b80d8abc138" testName="Jarvis5.Tests.EaFms.Approvals.ApprovalPhaseTatTests.Start_RejectsOpenPause_AndCancelledTask(type: &quot;Rework&quot;)" computerName="DESKTOP-TCCLH6H" duration="00:00:00.0076703" startTime="2026-09-23T17:43:00.3878911+05:30" endTime="2026-09-23T17:43:00.3878912+05:30" testType="13cdc9d9-ddb5-4fa4-a97d-d965ccfc6d4b" outcome="Passed" testListId="8c84fa94-04c1-424b-9868-57a2d4851a1d" relativeResultsDirectory="e30e834a-f340-4083-aa4b-8b87b6b69f51" />
    <UnitTestResult executionId="29100d91-ec1e-418e-8ea4-2a88babd3f8a" testId="799852c0-6589-3963-76ec-df5f544d6aa1" testName="Jarvis5.Tests.EaFms.TaskReview.ApprovalTaskReviewTests.Rework_WithoutPendingReview_Rejected" computerName="DESKTOP-TCCLH6H" duration="00:00:00.0135912" startTime="2026-09-23T17:42:59.9657635+05:30" endTime="2026-09-23T17:42:59.9657636+05:30" testType="13cdc9d9-ddb5-4fa4-a97d-d965ccfc6d4b" outcome="Passed" testListId="8c84fa94-04c1-424b-9868-57a2d4851a1d" relativeResultsDirectory="29100d91-ec1e-418e-8ea4-2a88babd3f8a" />
    <UnitTestResult executionId="be1269a4-9306-45ed-831e-b2575798f867" testId="5258d06e-d635-5b47-a902-bdba3dc27c9e" testName="Jarvis5.Tests.EaFms.Approvals.ApprovalNoTatQueryTests.List_detail_and_dashboard_handle_optional_snapshot(minutes: 30, dueState: &quot;Overdue&quot;, overdueCount: 1)" computerName="DESKTOP-TCCLH6H" duration="00:00:00.0476941" startTime="2026-09-23T17:43:00.2022550+05:30" endTime="2026-09-23T17:43:00.2022552+05:30" testType="13cdc9d9-ddb5-4fa4-a97d-d965ccfc6d4b" outcome="Failed" testListId="8c84fa94-04c1-424b-9868-57a2d4851a1d" relativeResultsDirectory="be1269a4-9306-45ed-831e-b2575798f867">
      <Output>
        <ErrorInfo>
          <Message>Assert.Equal() Failure&#xD;
          ↓ (pos 0)&#xD;
Expected: Overdue&#xD;
Actual:   Unavailable&#xD;
          ↑ (pos 0)</Message>
          <StackTrace>   at Jarvis5.Tests.EaFms.Approvals.ApprovalNoTatQueryTests.List_detail_and_dashboard_handle_optional_snapshot(Nullable`1 minutes, String dueState, Int32 overdueCount) in F:\eaworking\backend work\EA_API_SOURCE\Tests\EaFms\Approvals\ApprovalNoTatQueryTests.cs:line 34&#xD;
   at Jarvis5.Tests.EaFms.Approvals.ApprovalNoTatQueryTests.List_detail_and_dashboard_handle_optional_snapshot(Nullable`1 minutes, String dueState, Int32 overdueCount) in F:\eaworking\backend work\EA_API_SOURCE\Tests\EaFms\Approvals\ApprovalNoTatQueryTests.cs:line 46&#xD;
--- End of stack trace from previous location ---</StackTrace>
        </ErrorInfo>
      </Output>
    </UnitTestResult>
    <UnitTestResult executionId="60343acf-52cf-4dfc-b8e2-52cac03fb537" testId="0f028f84-7155-f5b2-a046-138955c3f1aa" testName="Jarvis5.Tests.EaFms.Approvals.ApprovalPhaseTatTests.ExplicitStarts_AllPhases_OpenIdle_RejectWrongOrRepeatedStarts" computerName="DESKTOP-TCCLH6H" duration="00:00:00.0873080" startTime="2026-09-23T17:43:00.3432403+05:30" endTime="2026-09-23T17:43:00.3432404+05:30" testType="13cdc9d9-ddb5-4fa4-a97d-d965ccfc6d4b" outcome="Passed" testListId="8c84fa94-04c1-424b-9868-57a2d4851a1d" relativeResultsDirectory="60343acf-52cf-4dfc-b8e2-52cac03fb537" />
    <UnitTestResult executionId="4e6a954e-be17-412b-98cc-0c179e0a857e" testId="b8d002c4-47b3-9866-b927-197aeddb2798" testName="Jarvis5.Tests.EaFms.Approvals.ApprovalPhaseTatTests.Approve_FreezesOpenPhase_AndClosesPauseAnchor_WhenOneExists" computerName="DESKTOP-TCCLH6H" duration="00:00:02.4353118" startTime="2026-09-23T17:42:59.9718245+05:30" endTime="2026-09-23T17:42:59.9718246+05:30" testType="13cdc9d9-ddb5-4fa4-a97d-d965ccfc6d4b" outcome="Passed" testListId="8c84fa94-04c1-424b-9868-57a2d4851a1d" relativeResultsDirectory="4e6a954e-be17-412b-98cc-0c179e0a857e" />
    <UnitTestResult executionId="9993fb24-c6f6-482a-b8d2-4feb073d9116" testId="fb38b9d5-e6da-7854-f00c-9117cd0c34b7" testName="Jarvis5.Tests.EaFms.Approvals.ApprovalPhaseTatTests.BusinessDecision_WithoutStart_FreezesZeroSnapshot(approve: False, withTat: False)" computerName="DESKTOP-TCCLH6H" duration="00:00:00.0142557" startTime="2026-09-23T17:43:00.1365504+05:30" endTime="2026-09-23T17:43:00.1365505+05:30" testType="13cdc9d9-ddb5-4fa4-a97d-d965ccfc6d4b" outcome="Passed" testListId="8c84fa94-04c1-424b-9868-57a2d4851a1d" relativeResultsDirectory="9993fb24-c6f6-482a-b8d2-4feb073d9116" />
    <UnitTestResult executionId="927469f9-da19-4858-9505-3154ad9a4143" testId="bf574152-86c8-f641-f093-87868c68c3ef" testName="Jarvis5.Tests.EaFms.Approvals.ApprovalNoTatQueryTests.List_detail_and_dashboard_handle_optional_snapshot(minutes: null, dueState: &quot;Unavailable&quot;, overdueCount: 0)" computerName="DESKTOP-TCCLH6H" duration="00:00:02.5992826" startTime="2026-09-23T17:43:00.1356803+05:30" endTime="2026-09-23T17:43:00.1356805+05:30" testType="13cdc9d9-ddb5-4fa4-a97d-d965ccfc6d4b" outcome="Passed" testListId="8c84fa94-04c1-424b-9868-57a2d4851a1d" relativeResultsDirectory="927469f9-da19-4858-9505-3154ad9a4143" />
    <UnitTestResult executionId="6cd5f424-ab84-4568-92a8-b5e48e5371a3" testId="816ee892-e7a2-582a-7718-c77a66863f8a" testName="Jarvis5.Tests.EaFms.TaskReview.ApprovalTaskReviewTests.Phase10F_BusinessApprove_PreservesExistingApprovalBehavior" computerName="DESKTOP-TCCLH6H" duration="00:00:02.0054031" startTime="2026-09-23T17:42:59.5448362+05:30" endTime="2026-09-23T17:42:59.5448567+05:30" testType="13cdc9d9-ddb5-4fa4-a97d-d965ccfc6d4b" outcome="Passed" testListId="8c84fa94-04c1-424b-9868-57a2d4851a1d" relativeResultsDirectory="6cd5f424-ab84-4568-92a8-b5e48e5371a3" />
    <UnitTestResult executionId="0987248d-1e37-4d60-a059-cecda1d49dcc" testId="f0f152ae-5c29-2a20-76f0-e9bfd97745d9" testName="Jarvis5.Tests.EaFms.TaskReview.ApprovalTaskReviewTests.Phase10E_BusinessResubmit_DoesNotCreateOrChangeTaskReview" computerName="DESKTOP-TCCLH6H" duration="00:00:00.0202258" startTime="2026-09-23T17:42:59.9454477+05:30" endTime="2026-09-23T17:42:59.9454479+05:30" testType="13cdc9d9-ddb5-4fa4-a97d-d965ccfc6d4b" outcome="Passed" testListId="8c84fa94-04c1-424b-9868-57a2d4851a1d" relativeResultsDirectory="0987248d-1e37-4d60-a059-cecda1d49dcc" />
    <UnitTestResult executionId="4143012d-a922-4a47-8e99-3950daab9672" testId="007fbc2f-07e0-4865-ce95-2ba40df435e6" testName="Jarvis5.Tests.EaFms.TaskReview.ApprovalTaskReviewTests.Phase11_TaskReviewPending_ThenBusinessApprove_BothCyclesCoexistIndependently" computerName="DESKTOP-TCCLH6H" duration="00:00:00.0163571" startTime="2026-09-23T17:42:59.9251081+05:30" endTime="2026-09-23T17:42:59.9251082+05:30" testType="13cdc9d9-ddb5-4fa4-a97d-d965ccfc6d4b" outcome="Passed" testListId="8c84fa94-04c1-424b-9868-57a2d4851a1d" relativeResultsDirectory="4143012d-a922-4a47-8e99-3950daab9672" />
    <UnitTestResult executionId="896b5930-b9e4-446e-b5c8-16053ed32de5" testId="1a6c8a8f-a1b3-1c30-4a18-d75a06f724ec" testName="Jarvis5.Tests.EaFms.Approvals.ApprovalPhaseTatTests.Create_OpensActualPhaseIdle_WithResolvedTat" computerName="DESKTOP-TCCLH6H" duration="00:00:00.0142026" startTime="2026-09-23T17:43:00.2557956+05:30" endTime="2026-09-23T17:43:00.2557960+05:30" testType="13cdc9d9-ddb5-4fa4-a97d-d965ccfc6d4b" outcome="Passed" testListId="8c84fa94-04c1-424b-9868-57a2d4851a1d" relativeResultsDirectory="896b5930-b9e4-446e-b5c8-16053ed32de5" />
    <UnitTestResult executionId="b699d8f2-a2e0-4eaa-89e3-8785b2bdd9f4" testId="fc0ad22c-f47e-9c55-a24c-b489bd0d2c82" testName="Jarvis5.Tests.EaFms.Approvals.ApprovalPhaseTatTests.GetApplicableForApprovalPhaseAsync_BlankType_SkipsExactMatch_GoesStraightToCascade" computerName="DESKTOP-TCCLH6H" duration="00:00:00.0117578" startTime="2026-09-23T17:43:00.1573332+05:30" endTime="2026-09-23T17:43:00.1573334+05:30" testType="13cdc9d9-ddb5-4fa4-a97d-d965ccfc6d4b" outcome="Passed" testListId="8c84fa94-04c1-424b-9868-57a2d4851a1d" relativeResultsDirectory="b699d8f2-a2e0-4eaa-89e3-8785b2bdd9f4" />
    <UnitTestResult executionId="bc7fe4a7-caa5-4e91-88ec-dcf367013f1b" testId="b918d931-132f-8599-5333-64d5babdb039" testName="Jarvis5.Tests.EaFms.Approvals.ApprovalPhaseTatTests.ReviewRework_ClosesReviewPhase_AndOpensReworkPhase_AtSameCycle" computerName="DESKTOP-TCCLH6H" duration="00:00:00.0491220" startTime="2026-09-23T17:43:00.2157499+05:30" endTime="2026-09-23T17:43:00.2157506+05:30" testType="13cdc9d9-ddb5-4fa4-a97d-d965ccfc6d4b" outcome="Passed" testListId="8c84fa94-04c1-424b-9868-57a2d4851a1d" relativeResultsDirectory="bc7fe4a7-caa5-4e91-88ec-dcf367013f1b" />
    <UnitTestResult executionId="1f6d339c-4f68-4d7a-b61c-f1a6fa0abcf6" testId="5c413a92-cf2c-164b-18a7-89e6ad4a60b6" testName="Jarvis5.Tests.EaFms.TaskReview.ApprovalTaskReviewTests.Phase11_BusinessApprove_CompletesEaTask_ThenTaskReviewSubmit_IsBlocked" computerName="DESKTOP-TCCLH6H" duration="00:00:00.0144641" startTime="2026-09-23T17:42:59.8911084+05:30" endTime="2026-09-23T17:42:59.8911085+05:30" testType="13cdc9d9-ddb5-4fa4-a97d-d965ccfc6d4b" outcome="Passed" testListId="8c84fa94-04c1-424b-9868-57a2d4851a1d" relativeResultsDirectory="1f6d339c-4f68-4d7a-b61c-f1a6fa0abcf6" />
    <UnitTestResult executionId="2be8df7a-08ce-4659-80b5-657881e1215b" testId="1ee1b3f1-0dc0-f435-79e3-e59bf33bbadf" testName="Jarvis5.Tests.EaFms.Approvals.ApprovalPhaseTatTests.BusinessDecision_WithoutStart_FreezesZeroSnapshot(approve: True, withTat: False)" computerName="DESKTOP-TCCLH6H" duration="00:00:00.0484590" startTime="2026-09-23T17:43:00.0327781+05:30" endTime="2026-09-23T17:43:00.0327785+05:30" testType="13cdc9d9-ddb5-4fa4-a97d-d965ccfc6d4b" outcome="Passed" testListId="8c84fa94-04c1-424b-9868-57a2d4851a1d" relativeResultsDirectory="2be8df7a-08ce-4659-80b5-657881e1215b" />
    <UnitTestResult executionId="a3107df9-a27a-43a1-8e9f-99e85b65ba31" testId="33651c43-dcf2-7a28-f6bd-1bc9b60e4879" testName="Jarvis5.Tests.EaFms.Approvals.ApprovalPhaseTatTests.Pause_Twice_SecondCallThrows409" computerName="DESKTOP-TCCLH6H" duration="00:00:00.0274301" startTime="2026-09-23T17:43:00.4692804+05:30" endTime="2026-09-23T17:43:00.4692805+05:30" testType="13cdc9d9-ddb5-4fa4-a97d-d965ccfc6d4b" outcome="Passed" testListId="8c84fa94-04c1-424b-9868-57a2d4851a1d" relativeResultsDirectory="a3107df9-a27a-43a1-8e9f-99e85b65ba31" />
    <UnitTestResult executionId="85a879f4-45dc-4fca-85a5-12c4a609c593" testId="156b261e-40c3-5caa-4fde-f86e2f1ee01e" testName="Jarvis5.Tests.EaFms.Approvals.ApprovalPhaseTatTests.PauseThenResume_ReturnsApprovalDetailDto_WithIsPausedFlag" computerName="DESKTOP-TCCLH6H" duration="00:00:00.0283211" startTime="2026-09-23T17:43:00.4417603+05:30" endTime="2026-09-23T17:43:00.4417604+05:30" testType="13cdc9d9-ddb5-4fa4-a97d-d965ccfc6d4b" outcome="Passed" testListId="8c84fa94-04c1-424b-9868-57a2d4851a1d" relativeResultsDirectory="85a879f4-45dc-4fca-85a5-12c4a609c593" />
    <UnitTestResult executionId="c44b7492-6236-4cbb-b224-21719ca8f308" testId="b909a745-9127-1762-1a0c-a9976b50845d" testName="Jarvis5.Tests.EaFms.Approvals.ApprovalPhaseTatTests.RequestChanges_DoesNotFreezeTheOpenPhase" computerName="DESKTOP-TCCLH6H" duration="00:00:00.0087539" startTime="2026-09-23T17:43:00.1454492+05:30" endTime="2026-09-23T17:43:00.1454493+05:30" testType="13cdc9d9-ddb5-4fa4-a97d-d965ccfc6d4b" outcome="Passed" testListId="8c84fa94-04c1-424b-9868-57a2d4851a1d" relativeResultsDirectory="c44b7492-6236-4cbb-b224-21719ca8f308" />
    <UnitTestResult executionId="1a437341-fd96-4793-a9d1-7346b8117bcb" testId="e6142300-77b3-7e22-824b-75e4501c0a9a" testName="Jarvis5.Tests.EaFms.Approvals.ApprovalPhaseTatTests.GetApplicableForApprovalPhaseAsync_PrefersExactTypeAndTaskTypeMatch" computerName="DESKTOP-TCCLH6H" duration="00:00:00.0254900" startTime="2026-09-23T17:43:00.2414251+05:30" endTime="2026-09-23T17:43:00.2414254+05:30" testType="13cdc9d9-ddb5-4fa4-a97d-d965ccfc6d4b" outcome="Passed" testListId="8c84fa94-04c1-424b-9868-57a2d4851a1d" relativeResultsDirectory="1a437341-fd96-4793-a9d1-7346b8117bcb" />
    <UnitTestResult executionId="9de22635-259a-48e5-a330-ba53824e10f3" testId="410c5104-75c8-d349-34a0-6b83d69f5230" testName="Jarvis5.Tests.EaFms.Approvals.ApprovalPhaseTatTests.BusinessDecision_WithoutStart_FreezesZeroSnapshot(approve: False, withTat: True)" computerName="DESKTOP-TCCLH6H" duration="00:00:00.0192215" startTime="2026-09-23T17:43:00.1221922+05:30" endTime="2026-09-23T17:43:00.1221924+05:30" testType="13cdc9d9-ddb5-4fa4-a97d-d965ccfc6d4b" outcome="Passed" testListId="8c84fa94-04c1-424b-9868-57a2d4851a1d" relativeResultsDirectory="9de22635-259a-48e5-a330-ba53824e10f3" />
    <UnitTestResult executionId="8e4a21b3-fcaf-42eb-8b01-f512ac804602" testId="9ccfc23a-6814-f234-4ffa-2d4627aa5f72" testName="Jarvis5.Tests.EaFms.Approvals.ApprovalPhaseTatTests.Pause_AfterBusinessDecision_Throws409_NotInProgress" computerName="DESKTOP-TCCLH6H" duration="00:00:00.0050451" startTime="2026-09-23T17:43:00.4791959+05:30" endTime="2026-09-23T17:43:00.4791960+05:30" testType="13cdc9d9-ddb5-4fa4-a97d-d965ccfc6d4b" outcome="Passed" testListId="8c84fa94-04c1-424b-9868-57a2d4851a1d" relativeResultsDirectory="8e4a21b3-fcaf-42eb-8b01-f512ac804602" />
    <UnitTestResult executionId="92ee9e8a-2963-41b4-b050-5fed44968b61" testId="55510339-9d9f-1428-d787-5a341843222c" testName="Jarvis5.Tests.EaFms.TaskReview.ApprovalTaskReviewTests.SubmitForReview_WhilePendingReview_Rejected" computerName="DESKTOP-TCCLH6H" duration="00:00:00.0153780" startTime="2026-09-23T17:42:59.9746554+05:30" endTime="2026-09-23T17:42:59.9746556+05:30" testType="13cdc9d9-ddb5-4fa4-a97d-d965ccfc6d4b" outcome="Passed" testListId="8c84fa94-04c1-424b-9868-57a2d4851a1d" relativeResultsDirectory="92ee9e8a-2963-41b4-b050-5fed44968b61" />
    <UnitTestResult executionId="32ec0cee-570e-4a6b-93bd-c51fe8fb9017" testId="c17da2c1-e6eb-21dd-45d2-d00b1273b810" testName="Jarvis5.Tests.EaFms.Approvals.ApprovalPhaseTatTests.GetApplicableForApprovalPhaseAsync_FallsBackToTaskTypeAgnosticCascade_WhenNoExactMatch" computerName="DESKTOP-TCCLH6H" duration="00:00:00.0083909" startTime="2026-09-23T17:43:00.3659063+05:30" endTime="2026-09-23T17:43:00.3659067+05:30" testType="13cdc9d9-ddb5-4fa4-a97d-d965ccfc6d4b" outcome="Passed" testListId="8c84fa94-04c1-424b-9868-57a2d4851a1d" relativeResultsDirectory="32ec0cee-570e-4a6b-93bd-c51fe8fb9017" />
    <UnitTestResult executionId="cd2b2cf1-2377-499d-bf7b-f338ba9973bf" testId="6e97e212-2cd8-b202-8682-a17263e9c981" testName="Jarvis5.Tests.EaFms.Approvals.ApprovalPhaseTatTests.SubmitForReview_ClosesActualPhase_AndOpensReviewPhase" computerName="DESKTOP-TCCLH6H" duration="00:00:00.0123797" startTime="2026-09-23T17:43:00.4082247+05:30" endTime="2026-09-23T17:43:00.4082248+05:30" testType="13cdc9d9-ddb5-4fa4-a97d-d965ccfc6d4b" outcome="Passed" testListId="8c84fa94-04c1-424b-9868-57a2d4851a1d" relativeResultsDirectory="cd2b2cf1-2377-499d-bf7b-f338ba9973bf" />
    <UnitTestResult executionId="90ec0298-964d-4a8f-b94f-bac9d4f12f25" testId="9e0c3293-e8ea-eacb-0614-bec62fd51b57" testName="Jarvis5.Tests.EaFms.TaskReview.ApprovalTaskReviewTests.Approve_WithoutPendingReview_Rejected" computerName="DESKTOP-TCCLH6H" duration="00:00:00.0046394" startTime="2026-09-23T17:42:59.9086500+05:30" endTime="2026-09-23T17:42:59.9086501+05:30" testType="13cdc9d9-ddb5-4fa4-a97d-d965ccfc6d4b" outcome="Passed" testListId="8c84fa94-04c1-424b-9868-57a2d4851a1d" relativeResultsDirectory="90ec0298-964d-4a8f-b94f-bac9d4f12f25" />
    <UnitTestResult executionId="f3d1a841-cefe-4e64-946c-aeb3120c344c" testId="61a57edc-06a2-fbe6-c8b6-3b54f422fba7" testName="Jarvis5.Tests.EaFms.Approvals.ApprovalPhaseTatTests.BusinessDecision_WithoutStart_FreezesZeroSnapshot(approve: True, withTat: True)" computerName="DESKTOP-TCCLH6H" duration="00:00:00.0699434" startTime="2026-09-23T17:43:00.1028428+05:30" endTime="2026-09-23T17:43:00.1028429+05:30" testType="13cdc9d9-ddb5-4fa4-a97d-d965ccfc6d4b" outcome="Passed" testListId="8c84fa94-04c1-424b-9868-57a2d4851a1d" relativeResultsDirectory="f3d1a841-cefe-4e64-946c-aeb3120c344c" />
    <UnitTestResult executionId="1fbdc5ac-9ef5-416c-a7c3-72890cb881c5" testId="d6f5117c-24f7-b5b9-7baf-a4580a9e4c58" testName="Jarvis5.Tests.EaFms.Approvals.ApprovalPhaseTatTests.Start_UnknownApproval_ReturnsNotFound" computerName="DESKTOP-TCCLH6H" duration="00:00:00.0046935" startTime="2026-09-23T17:43:00.4740677+05:30" endTime="2026-09-23T17:43:00.4740678+05:30" testType="13cdc9d9-ddb5-4fa4-a97d-d965ccfc6d4b" outcome="Passed" testListId="8c84fa94-04c1-424b-9868-57a2d4851a1d" relativeResultsDirectory="1fbdc5ac-9ef5-416c-a7c3-72890cb881c5" />
    <UnitTestResult executionId="fe8fce65-0c43-4128-aa39-ee98d265e511" testId="29980a82-b1ef-4f18-ac54-d2379a93afc7" testName="Jarvis5.Tests.EaFms.Approvals.ApprovalPhaseTatTests.Start_RejectsOpenPause_AndCancelledTask(type: &quot;Actual&quot;)" computerName="DESKTOP-TCCLH6H" duration="00:00:00.0140119" startTime="2026-09-23T17:43:00.3801226+05:30" endTime="2026-09-23T17:43:00.3801228+05:30" testType="13cdc9d9-ddb5-4fa4-a97d-d965ccfc6d4b" outcome="Passed" testListId="8c84fa94-04c1-424b-9868-57a2d4851a1d" relativeResultsDirectory="fe8fce65-0c43-4128-aa39-ee98d265e511" />
    <UnitTestResult executionId="16e91862-c950-48ec-a5e3-8aa1207a0428" testId="30662c60-e890-4e7c-fde4-132607f337a9" testName="Jarvis5.Tests.EaFms.TaskReview.ApprovalTaskReviewTests.Approve_Twice_SecondCallRejected" computerName="DESKTOP-TCCLH6H" duration="00:00:00.2317742" startTime="2026-09-23T17:42:59.7765769+05:30" endTime="2026-09-23T17:42:59.7765771+05:30" testType="13cdc9d9-ddb5-4fa4-a97d-d965ccfc6d4b" outcome="Passed" testListId="8c84fa94-04c1-424b-9868-57a2d4851a1d" relativeResultsDirectory="16e91862-c950-48ec-a5e3-8aa1207a0428" />
    <UnitTestResult executionId="cdd5aeb6-d9c9-433b-a78b-665af347d7e7" testId="cd97f41d-b4e6-c4ee-bad5-66cb649398d6" testName="Jarvis5.Tests.EaFms.TaskReview.ApprovalTaskReviewTests.Phase10G_BusinessReject_PreservesExistingRejectionBehavior" computerName="DESKTOP-TCCLH6H" duration="00:00:00.0136245" startTime="2026-09-23T17:42:59.9883903+05:30" endTime="2026-09-23T17:42:59.9883905+05:30" testType="13cdc9d9-ddb5-4fa4-a97d-d965ccfc6d4b" outcome="Passed" testListId="8c84fa94-04c1-424b-9868-57a2d4851a1d" relativeResultsDirectory="cdd5aeb6-d9c9-433b-a78b-665af347d7e7" />
    <UnitTestResult executionId="57e41340-651e-4eec-958c-f287a905e569" testId="82c1781f-ac89-c9af-428c-fc49a817dd3f" testName="Jarvis5.Tests.EaFms.TaskReview.ApprovalTaskReviewTests.FullCycle_Submit_Rework_Resubmit_Approve" computerName="DESKTOP-TCCLH6H" duration="00:00:00.0901790" startTime="2026-09-23T17:42:59.8668350+05:30" endTime="2026-09-23T17:42:59.8668353+05:30" testType="13cdc9d9-ddb5-4fa4-a97d-d965ccfc6d4b" outcome="Passed" testListId="8c84fa94-04c1-424b-9868-57a2d4851a1d" relativeResultsDirectory="57e41340-651e-4eec-958c-f287a905e569" />
    <UnitTestResult executionId="b9e517ad-8b68-4d40-a5f4-40baf4001a05" testId="c01a69e9-d525-9d0c-e11f-be077f15bdb0" testName="Jarvis5.Tests.EaFms.TaskReview.ApprovalTaskReviewTests.Phase10H_TaskReviewHistory_And_ApprovalCycleHistory_AreIndependent" computerName="DESKTOP-TCCLH6H" duration="00:00:00.0519089" startTime="2026-09-23T17:43:00.0404414+05:30" endTime="2026-09-23T17:43:00.0404417+05:30" testType="13cdc9d9-ddb5-4fa4-a97d-d965ccfc6d4b" outcome="Passed" testListId="8c84fa94-04c1-424b-9868-57a2d4851a1d" relativeResultsDirectory="b9e517ad-8b68-4d40-a5f4-40baf4001a05" />
    <UnitTestResult executionId="1033ab49-9a59-4fca-a54c-1df834f597ca" testId="12662aed-c2a3-f296-984e-4692b6b7e929" testName="Jarvis5.Tests.EaFms.Approvals.ApprovalPhaseTatTests.Reject_FreezesOpenPhase_EvenWithoutAPauseAnchor" computerName="DESKTOP-TCCLH6H" duration="00:00:00.0121452" startTime="2026-09-23T17:42:59.9841361+05:30" endTime="2026-09-23T17:42:59.9841363+05:30" testType="13cdc9d9-ddb5-4fa4-a97d-d965ccfc6d4b" outcome="Passed" testListId="8c84fa94-04c1-424b-9868-57a2d4851a1d" relativeResultsDirectory="1033ab49-9a59-4fca-a54c-1df834f597ca" />
    <UnitTestResult executionId="0bc0a649-34ec-440d-b054-136c9d1191f6" testId="bf9075fd-a102-273c-966a-61bd6682e930" testName="Jarvis5.Tests.EaFms.Approvals.ApprovalPhaseTatTests.Create_NoMatchingRule_OpensActualPhase_WithNullAllotted_NeverThrows" computerName="DESKTOP-TCCLH6H" duration="00:00:00.0046554" startTime="2026-09-23T17:43:00.4130728+05:30" endTime="2026-09-23T17:43:00.4130729+05:30" testType="13cdc9d9-ddb5-4fa4-a97d-d965ccfc6d4b" outcome="Passed" testListId="8c84fa94-04c1-424b-9868-57a2d4851a1d" relativeResultsDirectory="0bc0a649-34ec-440d-b054-136c9d1191f6" />
    <UnitTestResult executionId="d40c2223-3e1e-4e48-abe1-eae48a32843b" testId="8426a701-4228-6896-95ba-87bf7b4918b4" testName="Jarvis5.Tests.EaFms.Approvals.ApprovalPhaseTatTests.Resume_WithoutAnyPause_Throws409" computerName="DESKTOP-TCCLH6H" duration="00:00:00.0088185" startTime="2026-09-23T17:43:00.1663317+05:30" endTime="2026-09-23T17:43:00.1663319+05:30" testType="13cdc9d9-ddb5-4fa4-a97d-d965ccfc6d4b" outcome="Passed" testListId="8c84fa94-04c1-424b-9868-57a2d4851a1d" relativeResultsDirectory="d40c2223-3e1e-4e48-abe1-eae48a32843b" />
    <UnitTestResult executionId="e114ab61-0aad-44aa-b3dd-59b6abd8f51b" testId="ec27e8cf-143f-2b14-46b9-62976b1fb286" testName="Jarvis5.Tests.EaFms.Approvals.ApprovalPhaseTatTests.Start_RejectsOpenPause_AndCancelledTask(type: &quot;Review&quot;)" computerName="DESKTOP-TCCLH6H" duration="00:00:00.0077045" startTime="2026-09-23T17:43:00.3957016+05:30" endTime="2026-09-23T17:43:00.3957017+05:30" testType="13cdc9d9-ddb5-4fa4-a97d-d965ccfc6d4b" outcome="Passed" testListId="8c84fa94-04c1-424b-9868-57a2d4851a1d" relativeResultsDirectory="e114ab61-0aad-44aa-b3dd-59b6abd8f51b" />
    <UnitTestResult executionId="54b66e73-5ae6-4cfd-b8e3-1009efbacd0f" testId="4f63d078-913d-60d5-c02e-7d14e227b7e9" testName="Jarvis5.Tests.EaFms.TaskReview.ApprovalTaskReviewTests.Phase11_BusinessReject_CompletesEaTask_ThenTaskReviewSubmit_IsBlocked" computerName="DESKTOP-TCCLH6H" duration="00:00:00.0096148" startTime="2026-09-23T17:42:59.8765325+05:30" endTime="2026-09-23T17:42:59.8765327+05:30" testType="13cdc9d9-ddb5-4fa4-a97d-d965ccfc6d4b" outcome="Passed" testListId="8c84fa94-04c1-424b-9868-57a2d4851a1d" relativeResultsDirectory="54b66e73-5ae6-4cfd-b8e3-1009efbacd0f" />
  </Results>
  <TestDefinitions>
    <UnitTest name="Jarvis5.Tests.EaFms.TaskReview.ApprovalTaskReviewTests.Phase11_TaskReviewPending_ThenBusinessApprove_BothCyclesCoexistIndependently" storage="f:\eaworking\backend work\ea_api_source\tests\bin\approvalstart\studio5jarvis.tests.dll" id="007fbc2f-07e0-4865-ce95-2ba40df435e6">
      <Execution id="4143012d-a922-4a47-8e99-3950daab9672" />
      <TestMethod codeBase="F:\eaworking\backend work\EA_API_SOURCE\Tests\bin\ApprovalStart\Studio5Jarvis.Tests.dll" adapterTypeName="executor://xunit/VsTestRunner2/netcoreapp" className="Jarvis5.Tests.EaFms.TaskReview.ApprovalTaskReviewTests" name="Phase11_TaskReviewPending_ThenBusinessApprove_BothCyclesCoexistIndependently" />
    </UnitTest>
    <UnitTest name="Jarvis5.Tests.EaFms.Approvals.ApprovalNoTatQueryTests.List_detail_and_dashboard_handle_optional_snapshot(minutes: null, dueState: &quot;Unavailable&quot;, overdueCount: 0)" storage="f:\eaworking\backend work\ea_api_source\tests\bin\approvalstart\studio5jarvis.tests.dll" id="bf574152-86c8-f641-f093-87868c68c3ef">
      <Execution id="927469f9-da19-4858-9505-3154ad9a4143" />
      <TestMethod codeBase="F:\eaworking\backend work\EA_API_SOURCE\Tests\bin\ApprovalStart\Studio5Jarvis.Tests.dll" adapterTypeName="executor://xunit/VsTestRunner2/netcoreapp" className="Jarvis5.Tests.EaFms.Approvals.ApprovalNoTatQueryTests" name="List_detail_and_dashboard_handle_optional_snapshot" />
    </UnitTest>
    <UnitTest name="Jarvis5.Tests.EaFms.TaskReview.ApprovalTaskReviewTests.Approve_WithoutPendingReview_Rejected" storage="f:\eaworking\backend work\ea_api_source\tests\bin\approvalstart\studio5jarvis.tests.dll" id="9e0c3293-e8ea-eacb-0614-bec62fd51b57">
      <Execution id="90ec0298-964d-4a8f-b94f-bac9d4f12f25" />
      <TestMethod codeBase="F:\eaworking\backend work\EA_API_SOURCE\Tests\bin\ApprovalStart\Studio5Jarvis.Tests.dll" adapterTypeName="executor://xunit/VsTestRunner2/netcoreapp" className="Jarvis5.Tests.EaFms.TaskReview.ApprovalTaskReviewTests" name="Approve_WithoutPendingReview_Rejected" />
    </UnitTest>
    <UnitTest name="Jarvis5.Tests.EaFms.TaskReview.ApprovalTaskReviewTests.Phase10G_BusinessReject_PreservesExistingRejectionBehavior" storage="f:\eaworking\backend work\ea_api_source\tests\bin\approvalstart\studio5jarvis.tests.dll" id="cd97f41d-b4e6-c4ee-bad5-66cb649398d6">
      <Execution id="cdd5aeb6-d9c9-433b-a78b-665af347d7e7" />
      <TestMethod codeBase="F:\eaworking\backend work\EA_API_SOURCE\Tests\bin\ApprovalStart\Studio5Jarvis.Tests.dll" adapterTypeName="executor://xunit/VsTestRunner2/netcoreapp" className="Jarvis5.Tests.EaFms.TaskReview.ApprovalTaskReviewTests" name="Phase10G_BusinessReject_PreservesExistingRejectionBehavior" />
    </UnitTest>
    <UnitTest name="Jarvis5.Tests.EaFms.Approvals.ApprovalPhaseTatTests.Approve_FreezesOpenPhase_AndClosesPauseAnchor_WhenOneExists" storage="f:\eaworking\backend work\ea_api_source\tests\bin\approvalstart\studio5jarvis.tests.dll" id="b8d002c4-47b3-9866-b927-197aeddb2798">
      <Execution id="4e6a954e-be17-412b-98cc-0c179e0a857e" />
      <TestMethod codeBase="F:\eaworking\backend work\EA_API_SOURCE\Tests\bin\ApprovalStart\Studio5Jarvis.Tests.dll" adapterTypeName="executor://xunit/VsTestRunner2/netcoreapp" className="Jarvis5.Tests.EaFms.Approvals.ApprovalPhaseTatTests" name="Approve_FreezesOpenPhase_AndClosesPauseAnchor_WhenOneExists" />
    </UnitTest>
    <UnitTest name="Jarvis5.Tests.EaFms.TaskReview.ApprovalTaskReviewTests.Approve_Twice_SecondCallRejected" storage="f:\eaworking\backend work\ea_api_source\tests\bin\approvalstart\studio5jarvis.tests.dll" id="30662c60-e890-4e7c-fde4-132607f337a9">
      <Execution id="16e91862-c950-48ec-a5e3-8aa1207a0428" />
      <TestMethod codeBase="F:\eaworking\backend work\EA_API_SOURCE\Tests\bin\ApprovalStart\Studio5Jarvis.Tests.dll" adapterTypeName="executor://xunit/VsTestRunner2/netcoreapp" className="Jarvis5.Tests.EaFms.TaskReview.ApprovalTaskReviewTests" name="Approve_Twice_SecondCallRejected" />
    </UnitTest>
    <UnitTest name="Jarvis5.Tests.EaFms.Approvals.ApprovalPhaseTatTests.Pause_AfterBusinessDecision_Throws409_NotInProgress" storage="f:\eaworking\backend work\ea_api_source\tests\bin\approvalstart\studio5jarvis.tests.dll" id="9ccfc23a-6814-f234-4ffa-2d4627aa5f72">
      <Execution id="8e4a21b3-fcaf-42eb-8b01-f512ac804602" />
      <TestMethod codeBase="F:\eaworking\backend work\EA_API_SOURCE\Tests\bin\ApprovalStart\Studio5Jarvis.Tests.dll" adapterTypeName="executor://xunit/VsTestRunner2/netcoreapp" className="Jarvis5.Tests.EaFms.Approvals.ApprovalPhaseTatTests" name="Pause_AfterBusinessDecision_Throws409_NotInProgress" />
    </UnitTest>
    <UnitTest name="Jarvis5.Tests.EaFms.Approvals.ApprovalPhaseTatTests.PauseThenResume_ReturnsApprovalDetailDto_WithIsPausedFlag" storage="f:\eaworking\backend work\ea_api_source\tests\bin\approvalstart\studio5jarvis.tests.dll" id="156b261e-40c3-5caa-4fde-f86e2f1ee01e">
      <Execution id="85a879f4-45dc-4fca-85a5-12c4a609c593" />
      <TestMethod codeBase="F:\eaworking\backend work\EA_API_SOURCE\Tests\bin\ApprovalStart\Studio5Jarvis.Tests.dll" adapterTypeName="executor://xunit/VsTestRunner2/netcoreapp" className="Jarvis5.Tests.EaFms.Approvals.ApprovalPhaseTatTests" name="PauseThenResume_ReturnsApprovalDetailDto_WithIsPausedFlag" />
    </UnitTest>
    <UnitTest name="Jarvis5.Tests.EaFms.Approvals.ApprovalPhaseTatTests.SubmitForReview_ClosesActualPhase_AndOpensReviewPhase" storage="f:\eaworking\backend work\ea_api_source\tests\bin\approvalstart\studio5jarvis.tests.dll" id="6e97e212-2cd8-b202-8682-a17263e9c981">
      <Execution id="cd2b2cf1-2377-499d-bf7b-f338ba9973bf" />
      <TestMethod codeBase="F:\eaworking\backend work\EA_API_SOURCE\Tests\bin\ApprovalStart\Studio5Jarvis.Tests.dll" adapterTypeName="executor://xunit/VsTestRunner2/netcoreapp" className="Jarvis5.Tests.EaFms.Approvals.ApprovalPhaseTatTests" name="SubmitForReview_ClosesActualPhase_AndOpensReviewPhase" />
    </UnitTest>
    <UnitTest name="Jarvis5.Tests.EaFms.Approvals.ApprovalPhaseTatTests.Reject_FreezesOpenPhase_EvenWithoutAPauseAnchor" storage="f:\eaworking\backend work\ea_api_source\tests\bin\approvalstart\studio5jarvis.tests.dll" id="12662aed-c2a3-f296-984e-4692b6b7e929">
      <Execution id="1033ab49-9a59-4fca-a54c-1df834f597ca" />
      <TestMethod codeBase="F:\eaworking\backend work\EA_API_SOURCE\Tests\bin\ApprovalStart\Studio5Jarvis.Tests.dll" adapterTypeName="executor://xunit/VsTestRunner2/netcoreapp" className="Jarvis5.Tests.EaFms.Approvals.ApprovalPhaseTatTests" name="Reject_FreezesOpenPhase_EvenWithoutAPauseAnchor" />
    </UnitTest>
    <UnitTest name="Jarvis5.Tests.EaFms.Approvals.ApprovalPhaseTatTests.BusinessDecision_WithoutStart_FreezesZeroSnapshot(approve: False, withTat: True)" storage="f:\eaworking\backend work\ea_api_source\tests\bin\approvalstart\studio5jarvis.tests.dll" id="410c5104-75c8-d349-34a0-6b83d69f5230">
      <Execution id="9de22635-259a-48e5-a330-ba53824e10f3" />
      <TestMethod codeBase="F:\eaworking\backend work\EA_API_SOURCE\Tests\bin\ApprovalStart\Studio5Jarvis.Tests.dll" adapterTypeName="executor://xunit/VsTestRunner2/netcoreapp" className="Jarvis5.Tests.EaFms.Approvals.ApprovalPhaseTatTests" name="BusinessDecision_WithoutStart_FreezesZeroSnapshot" />
    </UnitTest>
    <UnitTest name="Jarvis5.Tests.EaFms.TaskReview.ApprovalTaskReviewTests.Rework_WithoutPendingReview_Rejected" storage="f:\eaworking\backend work\ea_api_source\tests\bin\approvalstart\studio5jarvis.tests.dll" id="799852c0-6589-3963-76ec-df5f544d6aa1">
      <Execution id="29100d91-ec1e-418e-8ea4-2a88babd3f8a" />
      <TestMethod codeBase="F:\eaworking\backend work\EA_API_SOURCE\Tests\bin\ApprovalStart\Studio5Jarvis.Tests.dll" adapterTypeName="executor://xunit/VsTestRunner2/netcoreapp" className="Jarvis5.Tests.EaFms.TaskReview.ApprovalTaskReviewTests" name="Rework_WithoutPendingReview_Rejected" />
    </UnitTest>
    <UnitTest name="Jarvis5.Tests.EaFms.Approvals.ApprovalPhaseTatTests.ReviewRework_ClosesReviewPhase_AndOpensReworkPhase_AtSameCycle" storage="f:\eaworking\backend work\ea_api_source\tests\bin\approvalstart\studio5jarvis.tests.dll" id="b918d931-132f-8599-5333-64d5babdb039">
      <Execution id="bc7fe4a7-caa5-4e91-88ec-dcf367013f1b" />
      <TestMethod codeBase="F:\eaworking\backend work\EA_API_SOURCE\Tests\bin\ApprovalStart\Studio5Jarvis.Tests.dll" adapterTypeName="executor://xunit/VsTestRunner2/netcoreapp" className="Jarvis5.Tests.EaFms.Approvals.ApprovalPhaseTatTests" name="ReviewRework_ClosesReviewPhase_AndOpensReworkPhase_AtSameCycle" />
    </UnitTest>
    <UnitTest name="Jarvis5.Tests.EaFms.TaskReview.ApprovalTaskReviewTests.Phase11_BusinessReject_CompletesEaTask_ThenTaskReviewSubmit_IsBlocked" storage="f:\eaworking\backend work\ea_api_source\tests\bin\approvalstart\studio5jarvis.tests.dll" id="4f63d078-913d-60d5-c02e-7d14e227b7e9">
      <Execution id="54b66e73-5ae6-4cfd-b8e3-1009efbacd0f" />
      <TestMethod codeBase="F:\eaworking\backend work\EA_API_SOURCE\Tests\bin\ApprovalStart\Studio5Jarvis.Tests.dll" adapterTypeName="executor://xunit/VsTestRunner2/netcoreapp" className="Jarvis5.Tests.EaFms.TaskReview.ApprovalTaskReviewTests" name="Phase11_BusinessReject_CompletesEaTask_ThenTaskReviewSubmit_IsBlocked" />
    </UnitTest>
    <UnitTest name="Jarvis5.Tests.EaFms.Approvals.ApprovalPhaseTatTests.GetApplicableForApprovalPhaseAsync_FallsBackToTaskTypeAgnosticCascade_WhenNoExactMatch" storage="f:\eaworking\backend work\ea_api_source\tests\bin\approvalstart\studio5jarvis.tests.dll" id="c17da2c1-e6eb-21dd-45d2-d00b1273b810">
      <Execution id="32ec0cee-570e-4a6b-93bd-c51fe8fb9017" />
      <TestMethod codeBase="F:\eaworking\backend work\EA_API_SOURCE\Tests\bin\ApprovalStart\Studio5Jarvis.Tests.dll" adapterTypeName="executor://xunit/VsTestRunner2/netcoreapp" className="Jarvis5.Tests.EaFms.Approvals.ApprovalPhaseTatTests" name="GetApplicableForApprovalPhaseAsync_FallsBackToTaskTypeAgnosticCascade_WhenNoExactMatch" />
    </UnitTest>
    <UnitTest name="Jarvis5.Tests.EaFms.Approvals.ApprovalPhaseTatTests.BusinessDecision_WithoutStart_FreezesZeroSnapshot(approve: True, withTat: False)" storage="f:\eaworking\backend work\ea_api_source\tests\bin\approvalstart\studio5jarvis.tests.dll" id="1ee1b3f1-0dc0-f435-79e3-e59bf33bbadf">
      <Execution id="2be8df7a-08ce-4659-80b5-657881e1215b" />
      <TestMethod codeBase="F:\eaworking\backend work\EA_API_SOURCE\Tests\bin\ApprovalStart\Studio5Jarvis.Tests.dll" adapterTypeName="executor://xunit/VsTestRunner2/netcoreapp" className="Jarvis5.Tests.EaFms.Approvals.ApprovalPhaseTatTests" name="BusinessDecision_WithoutStart_FreezesZeroSnapshot" />
    </UnitTest>
    <UnitTest name="Jarvis5.Tests.EaFms.Approvals.ApprovalPhaseTatTests.GetApplicableForApprovalPhaseAsync_PrefersExactTypeAndTaskTypeMatch" storage="f:\eaworking\backend work\ea_api_source\tests\bin\approvalstart\studio5jarvis.tests.dll" id="e6142300-77b3-7e22-824b-75e4501c0a9a">
      <Execution id="1a437341-fd96-4793-a9d1-7346b8117bcb" />
      <TestMethod codeBase="F:\eaworking\backend work\EA_API_SOURCE\Tests\bin\ApprovalStart\Studio5Jarvis.Tests.dll" adapterTypeName="executor://xunit/VsTestRunner2/netcoreapp" className="Jarvis5.Tests.EaFms.Approvals.ApprovalPhaseTatTests" name="GetApplicableForApprovalPhaseAsync_PrefersExactTypeAndTaskTypeMatch" />
    </UnitTest>
    <UnitTest name="Jarvis5.Tests.EaFms.Approvals.ApprovalPhaseTatTests.BusinessDecision_WithoutStart_FreezesZeroSnapshot(approve: True, withTat: True)" storage="f:\eaworking\backend work\ea_api_source\tests\bin\approvalstart\studio5jarvis.tests.dll" id="61a57edc-06a2-fbe6-c8b6-3b54f422fba7">
      <Execution id="f3d1a841-cefe-4e64-946c-aeb3120c344c" />
      <TestMethod codeBase="F:\eaworking\backend work\EA_API_SOURCE\Tests\bin\ApprovalStart\Studio5Jarvis.Tests.dll" adapterTypeName="executor://xunit/VsTestRunner2/netcoreapp" className="Jarvis5.Tests.EaFms.Approvals.ApprovalPhaseTatTests" name="BusinessDecision_WithoutStart_FreezesZeroSnapshot" />
    </UnitTest>
    <UnitTest name="Jarvis5.Tests.EaFms.Approvals.ApprovalPhaseTatTests.Start_RejectsOpenPause_AndCancelledTask(type: &quot;Actual&quot;)" storage="f:\eaworking\backend work\ea_api_source\tests\bin\approvalstart\studio5jarvis.tests.dll" id="29980a82-b1ef-4f18-ac54-d2379a93afc7">
      <Execution id="fe8fce65-0c43-4128-aa39-ee98d265e511" />
      <TestMethod codeBase="F:\eaworking\backend work\EA_API_SOURCE\Tests\bin\ApprovalStart\Studio5Jarvis.Tests.dll" adapterTypeName="executor://xunit/VsTestRunner2/netcoreapp" className="Jarvis5.Tests.EaFms.Approvals.ApprovalPhaseTatTests" name="Start_RejectsOpenPause_AndCancelledTask" />
    </UnitTest>
    <UnitTest name="Jarvis5.Tests.EaFms.TaskReview.ApprovalTaskReviewTests.SubmitForReview_WhilePendingReview_Rejected" storage="f:\eaworking\backend work\ea_api_source\tests\bin\approvalstart\studio5jarvis.tests.dll" id="55510339-9d9f-1428-d787-5a341843222c">
      <Execution id="92ee9e8a-2963-41b4-b050-5fed44968b61" />
      <TestMethod codeBase="F:\eaworking\backend work\EA_API_SOURCE\Tests\bin\ApprovalStart\Studio5Jarvis.Tests.dll" adapterTypeName="executor://xunit/VsTestRunner2/netcoreapp" className="Jarvis5.Tests.EaFms.TaskReview.ApprovalTaskReviewTests" name="SubmitForReview_WhilePendingReview_Rejected" />
    </UnitTest>
    <UnitTest name="Jarvis5.Tests.EaFms.Approvals.ApprovalPhaseTatTests.ExplicitStarts_AllPhases_OpenIdle_RejectWrongOrRepeatedStarts" storage="f:\eaworking\backend work\ea_api_source\tests\bin\approvalstart\studio5jarvis.tests.dll" id="0f028f84-7155-f5b2-a046-138955c3f1aa">
      <Execution id="60343acf-52cf-4dfc-b8e2-52cac03fb537" />
      <TestMethod codeBase="F:\eaworking\backend work\EA_API_SOURCE\Tests\bin\ApprovalStart\Studio5Jarvis.Tests.dll" adapterTypeName="executor://xunit/VsTestRunner2/netcoreapp" className="Jarvis5.Tests.EaFms.Approvals.ApprovalPhaseTatTests" name="ExplicitStarts_AllPhases_OpenIdle_RejectWrongOrRepeatedStarts" />
    </UnitTest>
    <UnitTest name="Jarvis5.Tests.EaFms.Approvals.ApprovalPhaseTatTests.Pause_Twice_SecondCallThrows409" storage="f:\eaworking\backend work\ea_api_source\tests\bin\approvalstart\studio5jarvis.tests.dll" id="33651c43-dcf2-7a28-f6bd-1bc9b60e4879">
      <Execution id="a3107df9-a27a-43a1-8e9f-99e85b65ba31" />
      <TestMethod codeBase="F:\eaworking\backend work\EA_API_SOURCE\Tests\bin\ApprovalStart\Studio5Jarvis.Tests.dll" adapterTypeName="executor://xunit/VsTestRunner2/netcoreapp" className="Jarvis5.Tests.EaFms.Approvals.ApprovalPhaseTatTests" name="Pause_Twice_SecondCallThrows409" />
    </UnitTest>
    <UnitTest name="Jarvis5.Tests.EaFms.TaskReview.ApprovalTaskReviewTests.Phase10D_BusinessRequestChanges_DoesNotCreateOrChangeTaskReview" storage="f:\eaworking\backend work\ea_api_source\tests\bin\approvalstart\studio5jarvis.tests.dll" id="9d7cd68d-dcd8-04b9-5fa8-4f9489ed3c47">
      <Execution id="6a672425-83af-4320-8e96-4fdfa957642a" />
      <TestMethod codeBase="F:\eaworking\backend work\EA_API_SOURCE\Tests\bin\ApprovalStart\Studio5Jarvis.Tests.dll" adapterTypeName="executor://xunit/VsTestRunner2/netcoreapp" className="Jarvis5.Tests.EaFms.TaskReview.ApprovalTaskReviewTests" name="Phase10D_BusinessRequestChanges_DoesNotCreateOrChangeTaskReview" />
    </UnitTest>
    <UnitTest name="Jarvis5.Tests.EaFms.TaskReview.ApprovalTaskReviewTests.Phase10H_TaskReviewHistory_And_ApprovalCycleHistory_AreIndependent" storage="f:\eaworking\backend work\ea_api_source\tests\bin\approvalstart\studio5jarvis.tests.dll" id="c01a69e9-d525-9d0c-e11f-be077f15bdb0">
      <Execution id="b9e517ad-8b68-4d40-a5f4-40baf4001a05" />
      <TestMethod codeBase="F:\eaworking\backend work\EA_API_SOURCE\Tests\bin\ApprovalStart\Studio5Jarvis.Tests.dll" adapterTypeName="executor://xunit/VsTestRunner2/netcoreapp" className="Jarvis5.Tests.EaFms.TaskReview.ApprovalTaskReviewTests" name="Phase10H_TaskReviewHistory_And_ApprovalCycleHistory_AreIndependent" />
    </UnitTest>
    <UnitTest name="Jarvis5.Tests.EaFms.Approvals.ApprovalPhaseTatTests.GetApplicableForApprovalPhaseAsync_BlankType_SkipsExactMatch_GoesStraightToCascade" storage="f:\eaworking\backend work\ea_api_source\tests\bin\approvalstart\studio5jarvis.tests.dll" id="fc0ad22c-f47e-9c55-a24c-b489bd0d2c82">
      <Execution id="b699d8f2-a2e0-4eaa-89e3-8785b2bdd9f4" />
      <TestMethod codeBase="F:\eaworking\backend work\EA_API_SOURCE\Tests\bin\ApprovalStart\Studio5Jarvis.Tests.dll" adapterTypeName="executor://xunit/VsTestRunner2/netcoreapp" className="Jarvis5.Tests.EaFms.Approvals.ApprovalPhaseTatTests" name="GetApplicableForApprovalPhaseAsync_BlankType_SkipsExactMatch_GoesStraightToCascade" />
    </UnitTest>
    <UnitTest name="Jarvis5.Tests.EaFms.Approvals.ApprovalPhaseTatTests.Start_RejectsOpenPause_AndCancelledTask(type: &quot;Review&quot;)" storage="f:\eaworking\backend work\ea_api_source\tests\bin\approvalstart\studio5jarvis.tests.dll" id="ec27e8cf-143f-2b14-46b9-62976b1fb286">
      <Execution id="e114ab61-0aad-44aa-b3dd-59b6abd8f51b" />
      <TestMethod codeBase="F:\eaworking\backend work\EA_API_SOURCE\Tests\bin\ApprovalStart\Studio5Jarvis.Tests.dll" adapterTypeName="executor://xunit/VsTestRunner2/netcoreapp" className="Jarvis5.Tests.EaFms.Approvals.ApprovalPhaseTatTests" name="Start_RejectsOpenPause_AndCancelledTask" />
    </UnitTest>
    <UnitTest name="Jarvis5.Tests.EaFms.Approvals.ApprovalPhaseTatTests.Create_NoMatchingRule_OpensActualPhase_WithNullAllotted_NeverThrows" storage="f:\eaworking\backend work\ea_api_source\tests\bin\approvalstart\studio5jarvis.tests.dll" id="bf9075fd-a102-273c-966a-61bd6682e930">
      <Execution id="0bc0a649-34ec-440d-b054-136c9d1191f6" />
      <TestMethod codeBase="F:\eaworking\backend work\EA_API_SOURCE\Tests\bin\ApprovalStart\Studio5Jarvis.Tests.dll" adapterTypeName="executor://xunit/VsTestRunner2/netcoreapp" className="Jarvis5.Tests.EaFms.Approvals.ApprovalPhaseTatTests" name="Create_NoMatchingRule_OpensActualPhase_WithNullAllotted_NeverThrows" />
    </UnitTest>
    <UnitTest name="Jarvis5.Tests.EaFms.Approvals.ApprovalPhaseTatTests.BusinessDecision_WithoutStart_FreezesZeroSnapshot(approve: False, withTat: False)" storage="f:\eaworking\backend work\ea_api_source\tests\bin\approvalstart\studio5jarvis.tests.dll" id="fb38b9d5-e6da-7854-f00c-9117cd0c34b7">
      <Execution id="9993fb24-c6f6-482a-b8d2-4feb073d9116" />
      <TestMethod codeBase="F:\eaworking\backend work\EA_API_SOURCE\Tests\bin\ApprovalStart\Studio5Jarvis.Tests.dll" adapterTypeName="executor://xunit/VsTestRunner2/netcoreapp" className="Jarvis5.Tests.EaFms.Approvals.ApprovalPhaseTatTests" name="BusinessDecision_WithoutStart_FreezesZeroSnapshot" />
    </UnitTest>
    <UnitTest name="Jarvis5.Tests.EaFms.Approvals.ApprovalNoTatQueryTests.List_detail_and_dashboard_handle_optional_snapshot(minutes: 30, dueState: &quot;Overdue&quot;, overdueCount: 1)" storage="f:\eaworking\backend work\ea_api_source\tests\bin\approvalstart\studio5jarvis.tests.dll" id="5258d06e-d635-5b47-a902-bdba3dc27c9e">
      <Execution id="be1269a4-9306-45ed-831e-b2575798f867" />
      <TestMethod codeBase="F:\eaworking\backend work\EA_API_SOURCE\Tests\bin\ApprovalStart\Studio5Jarvis.Tests.dll" adapterTypeName="executor://xunit/VsTestRunner2/netcoreapp" className="Jarvis5.Tests.EaFms.Approvals.ApprovalNoTatQueryTests" name="List_detail_and_dashboard_handle_optional_snapshot" />
    </UnitTest>
    <UnitTest name="Jarvis5.Tests.EaFms.Approvals.ApprovalPhaseTatTests.Start_UnknownApproval_ReturnsNotFound" storage="f:\eaworking\backend work\ea_api_source\tests\bin\approvalstart\studio5jarvis.tests.dll" id="d6f5117c-24f7-b5b9-7baf-a4580a9e4c58">
      <Execution id="1fbdc5ac-9ef5-416c-a7c3-72890cb881c5" />
      <TestMethod codeBase="F:\eaworking\backend work\EA_API_SOURCE\Tests\bin\ApprovalStart\Studio5Jarvis.Tests.dll" adapterTypeName="executor://xunit/VsTestRunner2/netcoreapp" className="Jarvis5.Tests.EaFms.Approvals.ApprovalPhaseTatTests" name="Start_UnknownApproval_ReturnsNotFound" />
    </UnitTest>
    <UnitTest name="Jarvis5.Tests.EaFms.Approvals.ApprovalPhaseTatTests.ReviewApprove_ClosesReviewPhase_AndDoesNotTouchWorkflowStatusOrExecutionStatus" storage="f:\eaworking\backend work\ea_api_source\tests\bin\approvalstart\studio5jarvis.tests.dll" id="099a42c3-57f1-3141-4cb0-3e93132ece1c">
      <Execution id="48b17409-85a9-438e-a9ee-824be6b660b0" />
      <TestMethod codeBase="F:\eaworking\backend work\EA_API_SOURCE\Tests\bin\ApprovalStart\Studio5Jarvis.Tests.dll" adapterTypeName="executor://xunit/VsTestRunner2/netcoreapp" className="Jarvis5.Tests.EaFms.Approvals.ApprovalPhaseTatTests" name="ReviewApprove_ClosesReviewPhase_AndDoesNotTouchWorkflowStatusOrExecutionStatus" />
    </UnitTest>
    <UnitTest name="Jarvis5.Tests.EaFms.Approvals.ApprovalPhaseTatTests.RequestChanges_DoesNotFreezeTheOpenPhase" storage="f:\eaworking\backend work\ea_api_source\tests\bin\approvalstart\studio5jarvis.tests.dll" id="b909a745-9127-1762-1a0c-a9976b50845d">
      <Execution id="c44b7492-6236-4cbb-b224-21719ca8f308" />
      <TestMethod codeBase="F:\eaworking\backend work\EA_API_SOURCE\Tests\bin\ApprovalStart\Studio5Jarvis.Tests.dll" adapterTypeName="executor://xunit/VsTestRunner2/netcoreapp" className="Jarvis5.Tests.EaFms.Approvals.ApprovalPhaseTatTests" name="RequestChanges_DoesNotFreezeTheOpenPhase" />
    </UnitTest>
    <UnitTest name="Jarvis5.Tests.EaFms.TaskReview.ApprovalTaskReviewTests.FullCycle_Submit_Rework_Resubmit_Approve" storage="f:\eaworking\backend work\ea_api_source\tests\bin\approvalstart\studio5jarvis.tests.dll" id="82c1781f-ac89-c9af-428c-fc49a817dd3f">
      <Execution id="57e41340-651e-4eec-958c-f287a905e569" />
      <TestMethod codeBase="F:\eaworking\backend work\EA_API_SOURCE\Tests\bin\ApprovalStart\Studio5Jarvis.Tests.dll" adapterTypeName="executor://xunit/VsTestRunner2/netcoreapp" className="Jarvis5.Tests.EaFms.TaskReview.ApprovalTaskReviewTests" name="FullCycle_Submit_Rework_Resubmit_Approve" />
    </UnitTest>
    <UnitTest name="Jarvis5.Tests.EaFms.Approvals.ApprovalPhaseTatTests.Start_RejectsOpenPause_AndCancelledTask(type: &quot;Rework&quot;)" storage="f:\eaworking\backend work\ea_api_source\tests\bin\approvalstart\studio5jarvis.tests.dll" id="3833e0a8-75ad-ab7c-1665-4b80d8abc138">
      <Execution id="e30e834a-f340-4083-aa4b-8b87b6b69f51" />
      <TestMethod codeBase="F:\eaworking\backend work\EA_API_SOURCE\Tests\bin\ApprovalStart\Studio5Jarvis.Tests.dll" adapterTypeName="executor://xunit/VsTestRunner2/netcoreapp" className="Jarvis5.Tests.EaFms.Approvals.ApprovalPhaseTatTests" name="Start_RejectsOpenPause_AndCancelledTask" />
    </UnitTest>
    <UnitTest name="Jarvis5.Tests.EaFms.Approvals.ApprovalPhaseTatTests.Resume_WithoutAnyPause_Throws409" storage="f:\eaworking\backend work\ea_api_source\tests\bin\approvalstart\studio5jarvis.tests.dll" id="8426a701-4228-6896-95ba-87bf7b4918b4">
      <Execution id="d40c2223-3e1e-4e48-abe1-eae48a32843b" />
      <TestMethod codeBase="F:\eaworking\backend work\EA_API_SOURCE\Tests\bin\ApprovalStart\Studio5Jarvis.Tests.dll" adapterTypeName="executor://xunit/VsTestRunner2/netcoreapp" className="Jarvis5.Tests.EaFms.Approvals.ApprovalPhaseTatTests" name="Resume_WithoutAnyPause_Throws409" />
    </UnitTest>
    <UnitTest name="Jarvis5.Tests.EaFms.Approvals.ApprovalPhaseTatTests.Create_OpensActualPhaseIdle_WithResolvedTat" storage="f:\eaworking\backend work\ea_api_source\tests\bin\approvalstart\studio5jarvis.tests.dll" id="1a6c8a8f-a1b3-1c30-4a18-d75a06f724ec">
      <Execution id="896b5930-b9e4-446e-b5c8-16053ed32de5" />
      <TestMethod codeBase="F:\eaworking\backend work\EA_API_SOURCE\Tests\bin\ApprovalStart\Studio5Jarvis.Tests.dll" adapterTypeName="executor://xunit/VsTestRunner2/netcoreapp" className="Jarvis5.Tests.EaFms.Approvals.ApprovalPhaseTatTests" name="Create_OpensActualPhaseIdle_WithResolvedTat" />
    </UnitTest>
    <UnitTest name="Jarvis5.Tests.EaFms.TaskReview.ApprovalTaskReviewTests.Phase10F_BusinessApprove_PreservesExistingApprovalBehavior" storage="f:\eaworking\backend work\ea_api_source\tests\bin\approvalstart\studio5jarvis.tests.dll" id="816ee892-e7a2-582a-7718-c77a66863f8a">
      <Execution id="6cd5f424-ab84-4568-92a8-b5e48e5371a3" />
      <TestMethod codeBase="F:\eaworking\backend work\EA_API_SOURCE\Tests\bin\ApprovalStart\Studio5Jarvis.Tests.dll" adapterTypeName="executor://xunit/VsTestRunner2/netcoreapp" className="Jarvis5.Tests.EaFms.TaskReview.ApprovalTaskReviewTests" name="Phase10F_BusinessApprove_PreservesExistingApprovalBehavior" />
    </UnitTest>
    <UnitTest name="Jarvis5.Tests.EaFms.TaskReview.ApprovalTaskReviewTests.Phase10E_BusinessResubmit_DoesNotCreateOrChangeTaskReview" storage="f:\eaworking\backend work\ea_api_source\tests\bin\approvalstart\studio5jarvis.tests.dll" id="f0f152ae-5c29-2a20-76f0-e9bfd97745d9">
      <Execution id="0987248d-1e37-4d60-a059-cecda1d49dcc" />
      <TestMethod codeBase="F:\eaworking\backend work\EA_API_SOURCE\Tests\bin\ApprovalStart\Studio5Jarvis.Tests.dll" adapterTypeName="executor://xunit/VsTestRunner2/netcoreapp" className="Jarvis5.Tests.EaFms.TaskReview.ApprovalTaskReviewTests" name="Phase10E_BusinessResubmit_DoesNotCreateOrChangeTaskReview" />
    </UnitTest>
    <UnitTest name="Jarvis5.Tests.EaFms.TaskReview.ApprovalTaskReviewTests.Phase11_BusinessApprove_CompletesEaTask_ThenTaskReviewSubmit_IsBlocked" storage="f:\eaworking\backend work\ea_api_source\tests\bin\approvalstart\studio5jarvis.tests.dll" id="5c413a92-cf2c-164b-18a7-89e6ad4a60b6">
      <Execution id="1f6d339c-4f68-4d7a-b61c-f1a6fa0abcf6" />
      <TestMethod codeBase="F:\eaworking\backend work\EA_API_SOURCE\Tests\bin\ApprovalStart\Studio5Jarvis.Tests.dll" adapterTypeName="executor://xunit/VsTestRunner2/netcoreapp" className="Jarvis5.Tests.EaFms.TaskReview.ApprovalTaskReviewTests" name="Phase11_BusinessApprove_CompletesEaTask_ThenTaskReviewSubmit_IsBlocked" />
    </UnitTest>
  </TestDefinitions>
  <TestEntries>
    <TestEntry testId="099a42c3-57f1-3141-4cb0-3e93132ece1c" executionId="48b17409-85a9-438e-a9ee-824be6b660b0" testListId="8c84fa94-04c1-424b-9868-57a2d4851a1d" />
    <TestEntry testId="9d7cd68d-dcd8-04b9-5fa8-4f9489ed3c47" executionId="6a672425-83af-4320-8e96-4fdfa957642a" testListId="8c84fa94-04c1-424b-9868-57a2d4851a1d" />
    <TestEntry testId="3833e0a8-75ad-ab7c-1665-4b80d8abc138" executionId="e30e834a-f340-4083-aa4b-8b87b6b69f51" testListId="8c84fa94-04c1-424b-9868-57a2d4851a1d" />
    <TestEntry testId="799852c0-6589-3963-76ec-df5f544d6aa1" executionId="29100d91-ec1e-418e-8ea4-2a88babd3f8a" testListId="8c84fa94-04c1-424b-9868-57a2d4851a1d" />
    <TestEntry testId="5258d06e-d635-5b47-a902-bdba3dc27c9e" executionId="be1269a4-9306-45ed-831e-b2575798f867" testListId="8c84fa94-04c1-424b-9868-57a2d4851a1d" />
    <TestEntry testId="0f028f84-7155-f5b2-a046-138955c3f1aa" executionId="60343acf-52cf-4dfc-b8e2-52cac03fb537" testListId="8c84fa94-04c1-424b-9868-57a2d4851a1d" />
    <TestEntry testId="b8d002c4-47b3-9866-b927-197aeddb2798" executionId="4e6a954e-be17-412b-98cc-0c179e0a857e" testListId="8c84fa94-04c1-424b-9868-57a2d4851a1d" />
    <TestEntry testId="fb38b9d5-e6da-7854-f00c-9117cd0c34b7" executionId="9993fb24-c6f6-482a-b8d2-4feb073d9116" testListId="8c84fa94-04c1-424b-9868-57a2d4851a1d" />
    <TestEntry testId="bf574152-86c8-f641-f093-87868c68c3ef" executionId="927469f9-da19-4858-9505-3154ad9a4143" testListId="8c84fa94-04c1-424b-9868-57a2d4851a1d" />
    <TestEntry testId="816ee892-e7a2-582a-7718-c77a66863f8a" executionId="6cd5f424-ab84-4568-92a8-b5e48e5371a3" testListId="8c84fa94-04c1-424b-9868-57a2d4851a1d" />
    <TestEntry testId="f0f152ae-5c29-2a20-76f0-e9bfd97745d9" executionId="0987248d-1e37-4d60-a059-cecda1d49dcc" testListId="8c84fa94-04c1-424b-9868-57a2d4851a1d" />
    <TestEntry testId="007fbc2f-07e0-4865-ce95-2ba40df435e6" executionId="4143012d-a922-4a47-8e99-3950daab9672" testListId="8c84fa94-04c1-424b-9868-57a2d4851a1d" />
    <TestEntry testId="1a6c8a8f-a1b3-1c30-4a18-d75a06f724ec" executionId="896b5930-b9e4-446e-b5c8-16053ed32de5" testListId="8c84fa94-04c1-424b-9868-57a2d4851a1d" />
    <TestEntry testId="fc0ad22c-f47e-9c55-a24c-b489bd0d2c82" executionId="b699d8f2-a2e0-4eaa-89e3-8785b2bdd9f4" testListId="8c84fa94-04c1-424b-9868-57a2d4851a1d" />
    <TestEntry testId="b918d931-132f-8599-5333-64d5babdb039" executionId="bc7fe4a7-caa5-4e91-88ec-dcf367013f1b" testListId="8c84fa94-04c1-424b-9868-57a2d4851a1d" />
    <TestEntry testId="5c413a92-cf2c-164b-18a7-89e6ad4a60b6" executionId="1f6d339c-4f68-4d7a-b61c-f1a6fa0abcf6" testListId="8c84fa94-04c1-424b-9868-57a2d4851a1d" />
    <TestEntry testId="1ee1b3f1-0dc0-f435-79e3-e59bf33bbadf" executionId="2be8df7a-08ce-4659-80b5-657881e1215b" testListId="8c84fa94-04c1-424b-9868-57a2d4851a1d" />
    <TestEntry testId="33651c43-dcf2-7a28-f6bd-1bc9b60e4879" executionId="a3107df9-a27a-43a1-8e9f-99e85b65ba31" testListId="8c84fa94-04c1-424b-9868-57a2d4851a1d" />
    <TestEntry testId="156b261e-40c3-5caa-4fde-f86e2f1ee01e" executionId="85a879f4-45dc-4fca-85a5-12c4a609c593" testListId="8c84fa94-04c1-424b-9868-57a2d4851a1d" />
    <TestEntry testId="b909a745-9127-1762-1a0c-a9976b50845d" executionId="c44b7492-6236-4cbb-b224-21719ca8f308" testListId="8c84fa94-04c1-424b-9868-57a2d4851a1d" />
    <TestEntry testId="e6142300-77b3-7e22-824b-75e4501c0a9a" executionId="1a437341-fd96-4793-a9d1-7346b8117bcb" testListId="8c84fa94-04c1-424b-9868-57a2d4851a1d" />
    <TestEntry testId="410c5104-75c8-d349-34a0-6b83d69f5230" executionId="9de22635-259a-48e5-a330-ba53824e10f3" testListId="8c84fa94-04c1-424b-9868-57a2d4851a1d" />
    <TestEntry testId="9ccfc23a-6814-f234-4ffa-2d4627aa5f72" executionId="8e4a21b3-fcaf-42eb-8b01-f512ac804602" testListId="8c84fa94-04c1-424b-9868-57a2d4851a1d" />
    <TestEntry testId="55510339-9d9f-1428-d787-5a341843222c" executionId="92ee9e8a-2963-41b4-b050-5fed44968b61" testListId="8c84fa94-04c1-424b-9868-57a2d4851a1d" />
    <TestEntry testId="c17da2c1-e6eb-21dd-45d2-d00b1273b810" executionId="32ec0cee-570e-4a6b-93bd-c51fe8fb9017" testListId="8c84fa94-04c1-424b-9868-57a2d4851a1d" />
    <TestEntry testId="6e97e212-2cd8-b202-8682-a17263e9c981" executionId="cd2b2cf1-2377-499d-bf7b-f338ba9973bf" testListId="8c84fa94-04c1-424b-9868-57a2d4851a1d" />
    <TestEntry testId="9e0c3293-e8ea-eacb-0614-bec62fd51b57" executionId="90ec0298-964d-4a8f-b94f-bac9d4f12f25" testListId="8c84fa94-04c1-424b-9868-57a2d4851a1d" />
    <TestEntry testId="61a57edc-06a2-fbe6-c8b6-3b54f422fba7" executionId="f3d1a841-cefe-4e64-946c-aeb3120c344c" testListId="8c84fa94-04c1-424b-9868-57a2d4851a1d" />
    <TestEntry testId="d6f5117c-24f7-b5b9-7baf-a4580a9e4c58" executionId="1fbdc5ac-9ef5-416c-a7c3-72890cb881c5" testListId="8c84fa94-04c1-424b-9868-57a2d4851a1d" />
    <TestEntry testId="29980a82-b1ef-4f18-ac54-d2379a93afc7" executionId="fe8fce65-0c43-4128-aa39-ee98d265e511" testListId="8c84fa94-04c1-424b-9868-57a2d4851a1d" />
    <TestEntry testId="30662c60-e890-4e7c-fde4-132607f337a9" executionId="16e91862-c950-48ec-a5e3-8aa1207a0428" testListId="8c84fa94-04c1-424b-9868-57a2d4851a1d" />
    <TestEntry testId="cd97f41d-b4e6-c4ee-bad5-66cb649398d6" executionId="cdd5aeb6-d9c9-433b-a78b-665af347d7e7" testListId="8c84fa94-04c1-424b-9868-57a2d4851a1d" />
    <TestEntry testId="82c1781f-ac89-c9af-428c-fc49a817dd3f" executionId="57e41340-651e-4eec-958c-f287a905e569" testListId="8c84fa94-04c1-424b-9868-57a2d4851a1d" />
    <TestEntry testId="c01a69e9-d525-9d0c-e11f-be077f15bdb0" executionId="b9e517ad-8b68-4d40-a5f4-40baf4001a05" testListId="8c84fa94-04c1-424b-9868-57a2d4851a1d" />
    <TestEntry testId="12662aed-c2a3-f296-984e-4692b6b7e929" executionId="1033ab49-9a59-4fca-a54c-1df834f597ca" testListId="8c84fa94-04c1-424b-9868-57a2d4851a1d" />
    <TestEntry testId="bf9075fd-a102-273c-966a-61bd6682e930" executionId="0bc0a649-34ec-440d-b054-136c9d1191f6" testListId="8c84fa94-04c1-424b-9868-57a2d4851a1d" />
    <TestEntry testId="8426a701-4228-6896-95ba-87bf7b4918b4" executionId="d40c2223-3e1e-4e48-abe1-eae48a32843b" testListId="8c84fa94-04c1-424b-9868-57a2d4851a1d" />
    <TestEntry testId="ec27e8cf-143f-2b14-46b9-62976b1fb286" executionId="e114ab61-0aad-44aa-b3dd-59b6abd8f51b" testListId="8c84fa94-04c1-424b-9868-57a2d4851a1d" />
    <TestEntry testId="4f63d078-913d-60d5-c02e-7d14e227b7e9" executionId="54b66e73-5ae6-4cfd-b8e3-1009efbacd0f" testListId="8c84fa94-04c1-424b-9868-57a2d4851a1d" />
  </TestEntries>
  <TestLists>
    <TestList name="Results Not in a List" id="8c84fa94-04c1-424b-9868-57a2d4851a1d" />
    <TestList name="All Loaded Results" id="19431567-8539-422a-85d7-44ee4e166bda" />
  </TestLists>
  <ResultSummary outcome="Failed">
    <Counters total="39" executed="39" passed="38" failed="1" error="0" timeout="0" aborted="0" inconclusive="0" passedButRunAborted="0" notRunnable="0" notExecuted="0" disconnected="0" warning="0" completed="0" inProgress="0" pending="0" />
    <Output>
      <StdOut>[xUnit.net 00:00:00.00] xUnit.net VSTest Adapter v2.4.3+1b45f5407b (64-bit .NET 8.0.31)&#xD;
[xUnit.net 00:00:01.59]   Discovering: Studio5Jarvis.Tests&#xD;
[xUnit.net 00:00:01.90]   Discovered:  Studio5Jarvis.Tests&#xD;
[xUnit.net 00:00:01.91]   Starting:    Studio5Jarvis.Tests&#xD;
[xUnit.net 00:00:04.62]       Assert.Equal() Failure&#xD;
[xUnit.net 00:00:04.62]                 ↓ (pos 0)&#xD;
[xUnit.net 00:00:04.62]       Expected: Overdue&#xD;
[xUnit.net 00:00:04.62]       Actual:   Unavailable&#xD;
[xUnit.net 00:00:04.62]                 ↑ (pos 0)&#xD;
[xUnit.net 00:00:04.62]       Stack Trace:&#xD;
[xUnit.net 00:00:04.62]         F:\eaworking\backend work\EA_API_SOURCE\Tests\EaFms\Approvals\ApprovalNoTatQueryTests.cs(34,0): at Jarvis5.Tests.EaFms.Approvals.ApprovalNoTatQueryTests.List_detail_and_dashboard_handle_optional_snapshot(Nullable`1 minutes, String dueState, Int32 overdueCount)&#xD;
[xUnit.net 00:00:04.62]         F:\eaworking\backend work\EA_API_SOURCE\Tests\EaFms\Approvals\ApprovalNoTatQueryTests.cs(46,0): at Jarvis5.Tests.EaFms.Approvals.ApprovalNoTatQueryTests.List_detail_and_dashboard_handle_optional_snapshot(Nullable`1 minutes, String dueState, Int32 overdueCount)&#xD;
[xUnit.net 00:00:04.62]         --- End of stack trace from previous location ---&#xD;
[xUnit.net 00:00:04.90]   Finished:    Studio5Jarvis.Tests&#xD;
</StdOut>
    </Output>
    <RunInfos>
      <RunInfo computerName="DESKTOP-TCCLH6H" outcome="Error" timestamp="2026-09-23T17:43:00.1958997+05:30">
        <Text>[xUnit.net 00:00:04.62]     Jarvis5.Tests.EaFms.Approvals.ApprovalNoTatQueryTests.List_detail_and_dashboard_handle_optional_snapshot(minutes: 30, dueState: "Overdue", overdueCount: 1) [FAIL]</Text>
      </RunInfo>
    </RunInfos>
  </ResultSummary>
</TestRun>