<?xml version="1.0" encoding="utf-8"?>
<TestRun id="91b8a516-fc64-434b-a9e9-4a2f2a733670" name="Admin@PRATIKSHA 2026-09-22 14:36:52" runUser="PRATIKSHA\CodexSandboxOffline" xmlns="http://microsoft.com/schemas/VisualStudio/TeamTest/2010">
  <Times creation="2026-09-22T14:36:52.0607511+05:30" queuing="2026-09-22T14:36:52.0607515+05:30" start="2026-09-22T14:36:47.8347537+05:30" finish="2026-09-22T14:37:07.5710487+05:30" />
  <TestSettings name="default" id="24737655-40d6-4267-a88b-c2553a58f9f5">
    <Deployment runDeploymentRoot="Admin_PRATIKSHA_2026-09-22_14_36_52" />
  </TestSettings>
  <Results>
    <UnitTestResult executionId="39e10b7c-8504-4f25-b1b3-e4af76df4530" testId="cc90ca1a-e57d-2f23-2571-6f4859884412" testName="Jarvis5.Tests.EaFms.TaskReview.MeetingTaskReviewTests.SubmitForReview_WhilePendingReview_Rejected" computerName="PRATIKSHA" duration="00:00:00.0591938" startTime="2026-09-22T14:37:04.4638227+05:30" endTime="2026-09-22T14:37:04.4638231+05:30" testType="13cdc9d9-ddb5-4fa4-a97d-d965ccfc6d4b" outcome="Passed" testListId="8c84fa94-04c1-424b-9868-57a2d4851a1d" relativeResultsDirectory="39e10b7c-8504-4f25-b1b3-e4af76df4530" />
    <UnitTestResult executionId="dfbc44a5-6a2c-4135-a373-1a9746762561" testId="67ca67f7-7aa6-a927-9de1-d73cd0938001" testName="Jarvis5.Tests.EaFms.TaskReview.DelegationTaskReviewTests.Approve_Twice_SecondCallRejected" computerName="PRATIKSHA" duration="00:00:00.0412860" startTime="2026-09-22T14:36:52.7927052+05:30" endTime="2026-09-22T14:36:52.7927059+05:30" testType="13cdc9d9-ddb5-4fa4-a97d-d965ccfc6d4b" outcome="Passed" testListId="8c84fa94-04c1-424b-9868-57a2d4851a1d" relativeResultsDirectory="dfbc44a5-6a2c-4135-a373-1a9746762561" />
    <UnitTestResult executionId="c2e7395d-1c4d-4082-95a8-4f01d3b5a0c8" testId="799852c0-6589-3963-76ec-df5f544d6aa1" testName="Jarvis5.Tests.EaFms.TaskReview.ApprovalTaskReviewTests.Rework_WithoutPendingReview_Rejected" computerName="PRATIKSHA" duration="00:00:00.0097115" startTime="2026-09-22T14:36:52.7199744+05:30" endTime="2026-09-22T14:36:52.7199747+05:30" testType="13cdc9d9-ddb5-4fa4-a97d-d965ccfc6d4b" outcome="Passed" testListId="8c84fa94-04c1-424b-9868-57a2d4851a1d" relativeResultsDirectory="c2e7395d-1c4d-4082-95a8-4f01d3b5a0c8" />
    <UnitTestResult executionId="efb40365-9c88-4035-a229-20a6fd6de09f" testId="0292bf11-f323-e7ba-fa31-e90ffe3f2e17" testName="Jarvis5.Tests.EaFms.TaskReview.MeetingTaskReviewTests.FullCycle_Submit_Rework_Resubmit_Approve" computerName="PRATIKSHA" duration="00:00:00.2198805" startTime="2026-09-22T14:37:04.4041637+05:30" endTime="2026-09-22T14:37:04.4041639+05:30" testType="13cdc9d9-ddb5-4fa4-a97d-d965ccfc6d4b" outcome="Passed" testListId="8c84fa94-04c1-424b-9868-57a2d4851a1d" relativeResultsDirectory="efb40365-9c88-4035-a229-20a6fd6de09f" />
    <UnitTestResult executionId="a0a35629-a902-45b1-851a-6e0003f3b3ec" testId="82c1781f-ac89-c9af-428c-fc49a817dd3f" testName="Jarvis5.Tests.EaFms.TaskReview.ApprovalTaskReviewTests.FullCycle_Submit_Rework_Resubmit_Approve" computerName="PRATIKSHA" duration="00:00:00.1842066" startTime="2026-09-22T14:36:52.6963714+05:30" endTime="2026-09-22T14:36:52.6963719+05:30" testType="13cdc9d9-ddb5-4fa4-a97d-d965ccfc6d4b" outcome="Passed" testListId="8c84fa94-04c1-424b-9868-57a2d4851a1d" relativeResultsDirectory="a0a35629-a902-45b1-851a-6e0003f3b3ec" />
    <UnitTestResult executionId="0dde8851-725b-4817-850b-451ff4dbb8a3" testId="8393513f-e34e-179f-264b-cab9b91e31d7" testName="Jarvis5.Tests.EaFms.TaskReview.TaskReviewServiceTests.Snapshots_History_Batch_AndExecutionFields_ArePreserved" computerName="PRATIKSHA" duration="00:00:02.1439705" startTime="2026-09-22T14:36:52.6723139+05:30" endTime="2026-09-22T14:36:52.6723141+05:30" testType="13cdc9d9-ddb5-4fa4-a97d-d965ccfc6d4b" outcome="Passed" testListId="8c84fa94-04c1-424b-9868-57a2d4851a1d" relativeResultsDirectory="0dde8851-725b-4817-850b-451ff4dbb8a3" />
    <UnitTestResult executionId="db47a5d7-9e58-4929-aa4b-6f95bcc43948" testId="c4f94de6-ca4b-c18c-d68c-abf7f1177996" testName="Jarvis5.Tests.EaFms.TaskReview.TravelTaskReviewTests.Approve_WithoutPendingReview_Rejected" computerName="PRATIKSHA" duration="00:00:00.0110414" startTime="2026-09-22T14:36:52.6627830+05:30" endTime="2026-09-22T14:36:52.6627832+05:30" testType="13cdc9d9-ddb5-4fa4-a97d-d965ccfc6d4b" outcome="Passed" testListId="8c84fa94-04c1-424b-9868-57a2d4851a1d" relativeResultsDirectory="db47a5d7-9e58-4929-aa4b-6f95bcc43948" />
    <UnitTestResult executionId="03ae12a8-a176-4e29-86db-8116160a9be9" testId="d5b48391-261f-2ed6-a770-6e55e4f88a8b" testName="Jarvis5.Tests.EaFms.TaskReview.TaskReviewSwaggerTests.GeneratedContract_ExposesModuleRoutes_AndReusesSummary" computerName="PRATIKSHA" duration="00:00:00.6961762" startTime="2026-09-22T14:36:51.3563184+05:30" endTime="2026-09-22T14:36:51.3563901+05:30" testType="13cdc9d9-ddb5-4fa4-a97d-d965ccfc6d4b" outcome="Failed" testListId="8c84fa94-04c1-424b-9868-57a2d4851a1d" relativeResultsDirectory="03ae12a8-a176-4e29-86db-8116160a9be9">
      <Output>
        <ErrorInfo>
          <Message>Swashbuckle.AspNetCore.SwaggerGen.SwaggerGeneratorException : Failed to generate Operation for action - Jarvis5.Controllers.EaFms.ApprovalsController.Get (Studio5JarvisMasterApi). See inner exception&#xD;
---- Swashbuckle.AspNetCore.SwaggerGen.SwaggerGeneratorException : Failed to generate schema for type - Jarvis5.Dtos.EaFms.ApprovalDetailDto. See inner exception&#xD;
-------- System.InvalidOperationException : Can't use schemaId "$ApprovalDetailDto" for type "$Jarvis5.Dtos.EaFms.ApprovalDetailDto". The same schemaId is already used for type "$Jarvis5.Dtos.Approval.ApprovalDetailDto"</Message>
          <StackTrace>   at Swashbuckle.AspNetCore.SwaggerGen.SwaggerGenerator.GetSwagger(String documentName, String host, String basePath)&#xD;
   at Jarvis5.Tests.EaFms.TaskReview.TaskReviewSwaggerTests.GeneratedContract_ExposesModuleRoutes_AndReusesSummary() in C:\Users\Admin\Documents\DB_JARVIS_API\Studio5Jarvis_Master_API-main\Tests\EaFms\TaskReview\TaskReviewSwaggerTests.cs:line 28&#xD;
   at Jarvis5.Tests.EaFms.TaskReview.TaskReviewSwaggerTests.GeneratedContract_ExposesModuleRoutes_AndReusesSummary() in C:\Users\Admin\Documents\DB_JARVIS_API\Studio5Jarvis_Master_API-main\Tests\EaFms\TaskReview\TaskReviewSwaggerTests.cs:line 48&#xD;
--- End of stack trace from previous location ---&#xD;
----- Inner Stack Trace -----&#xD;
   at Swashbuckle.AspNetCore.SwaggerGen.SwaggerGenerator.GenerateSchema(Type type, SchemaRepository schemaRepository, PropertyInfo propertyInfo, ParameterInfo parameterInfo, ApiParameterRouteInfo routeInfo)&#xD;
   at Swashbuckle.AspNetCore.SwaggerGen.SwaggerGenerator.CreateResponseMediaType(Type modelType, SchemaRepository schemaRepository)&#xD;
   at Swashbuckle.AspNetCore.SwaggerGen.SwaggerGenerator.&lt;&gt;c__DisplayClass42_0.&lt;GenerateResponse&gt;b__2(String contentType)&#xD;
   at System.Linq.Enumerable.ToDictionary[TSource,TKey,TElement](IEnumerable`1 source, Func`2 keySelector, Func`2 elementSelector, IEqualityComparer`1 comparer)&#xD;
   at System.Linq.Enumerable.ToDictionary[TSource,TKey,TElement](IEnumerable`1 source, Func`2 keySelector, Func`2 elementSelector)&#xD;
   at Swashbuckle.AspNetCore.SwaggerGen.SwaggerGenerator.GenerateResponse(ApiDescription apiDescription, SchemaRepository schemaRepository, String statusCode, ApiResponseType apiResponseType)&#xD;
   at Swashbuckle.AspNetCore.SwaggerGen.SwaggerGenerator.GenerateResponses(ApiDescription apiDescription, SchemaRepository schemaRepository)&#xD;
   at Swashbuckle.AspNetCore.SwaggerGen.SwaggerGenerator.GenerateOperationAsync(OpenApiDocument document, ApiDescription apiDescription, SchemaRepository schemaRepository, Func`4 parametersGenerator, Func`4 bodyGenerator, Func`3 applyFilters)&#xD;
----- Inner Stack Trace -----&#xD;
   at Swashbuckle.AspNetCore.SwaggerGen.SchemaRepository.RegisterType(Type type, String schemaId)&#xD;
   at Swashbuckle.AspNetCore.SwaggerGen.SchemaGenerator.GenerateReferencedSchema(DataContract dataContract, SchemaRepository schemaRepository, Func`1 definitionFactory)&#xD;
   at Swashbuckle.AspNetCore.SwaggerGen.SchemaGenerator.GenerateConcreteSchema(DataContract dataContract, SchemaRepository schemaRepository)&#xD;
   at Swashbuckle.AspNetCore.SwaggerGen.SchemaGenerator.GenerateSchemaForType(Type modelType, SchemaRepository schemaRepository)&#xD;
   at Swashbuckle.AspNetCore.SwaggerGen.SchemaGenerator.GenerateSchema(Type modelType, SchemaRepository schemaRepository, MemberInfo memberInfo, ParameterInfo parameterInfo, ApiParameterRouteInfo routeInfo)&#xD;
   at Swashbuckle.AspNetCore.SwaggerGen.SwaggerGenerator.GenerateSchema(Type type, SchemaRepository schemaRepository, PropertyInfo propertyInfo, ParameterInfo parameterInfo, ApiParameterRouteInfo routeInfo)</StackTrace>
        </ErrorInfo>
      </Output>
    </UnitTestResult>
    <UnitTestResult executionId="8709184b-68eb-4182-ae29-7af7856d5c25" testId="b4a46bb8-a520-fb7f-fad3-ebdcb3ec430b" testName="Jarvis5.Tests.EaFms.TaskReview.MeetingTaskReviewTests.PreviouslyTrackedPendingCycle_CannotApproveAfterAnotherContextDecides" computerName="PRATIKSHA" duration="00:00:00.2348950" startTime="2026-09-22T14:37:04.6989378+05:30" endTime="2026-09-22T14:37:04.6989380+05:30" testType="13cdc9d9-ddb5-4fa4-a97d-d965ccfc6d4b" outcome="Passed" testListId="8c84fa94-04c1-424b-9868-57a2d4851a1d" relativeResultsDirectory="8709184b-68eb-4182-ae29-7af7856d5c25" />
    <UnitTestResult executionId="6b56d0c0-8042-4fd8-ae03-758adceea486" testId="40be233d-80bd-d6cd-c9ef-5e391344bacd" testName="Jarvis5.Tests.EaFms.TaskReview.TravelTaskReviewTests.SubmitForReview_WhilePendingReview_Rejected" computerName="PRATIKSHA" duration="00:00:00.0485738" startTime="2026-09-22T14:36:52.6515826+05:30" endTime="2026-09-22T14:36:52.6515831+05:30" testType="13cdc9d9-ddb5-4fa4-a97d-d965ccfc6d4b" outcome="Passed" testListId="8c84fa94-04c1-424b-9868-57a2d4851a1d" relativeResultsDirectory="6b56d0c0-8042-4fd8-ae03-758adceea486" />
    <UnitTestResult executionId="0096b8fd-0600-41e5-9157-49f4e5d198cc" testId="4b5a5de5-eccd-6056-d97a-bd0c1f35e98c" testName="Jarvis5.Tests.EaFms.TaskReview.DelegationTaskReviewTests.PendingReview_TatKeepsRunning_AndCompleteRemainsIndependent" computerName="PRATIKSHA" duration="00:00:00.1160302" startTime="2026-09-22T14:36:52.9312762+05:30" endTime="2026-09-22T14:36:52.9312766+05:30" testType="13cdc9d9-ddb5-4fa4-a97d-d965ccfc6d4b" outcome="Passed" testListId="8c84fa94-04c1-424b-9868-57a2d4851a1d" relativeResultsDirectory="0096b8fd-0600-41e5-9157-49f4e5d198cc" />
    <UnitTestResult executionId="7defce88-df28-4fae-bac0-f5d38818a1cf" testId="ca77361c-f2eb-480c-2dc7-05b6b39dcd06" testName="Jarvis5.Tests.EaFms.TaskReview.MeetingTaskReviewTests.ConcurrentSubmit_OnlyOneCycleIsCreated" computerName="PRATIKSHA" duration="00:00:01.2349051" startTime="2026-09-22T14:37:06.0813771+05:30" endTime="2026-09-22T14:37:06.0813775+05:30" testType="13cdc9d9-ddb5-4fa4-a97d-d965ccfc6d4b" outcome="Passed" testListId="8c84fa94-04c1-424b-9868-57a2d4851a1d" relativeResultsDirectory="7defce88-df28-4fae-bac0-f5d38818a1cf" />
    <UnitTestResult executionId="275740af-1668-437a-be69-68389fa44a0e" testId="1a3f7f9a-8e7e-0f4c-4d9b-bfa164d398fd" testName="Jarvis5.Tests.EaFms.TaskReview.DelegationTaskReviewTests.SubmitForReview_WhilePendingReview_Rejected" computerName="PRATIKSHA" duration="00:00:00.0172738" startTime="2026-09-22T14:36:52.8101706+05:30" endTime="2026-09-22T14:36:52.8101708+05:30" testType="13cdc9d9-ddb5-4fa4-a97d-d965ccfc6d4b" outcome="Passed" testListId="8c84fa94-04c1-424b-9868-57a2d4851a1d" relativeResultsDirectory="275740af-1668-437a-be69-68389fa44a0e" />
    <UnitTestResult executionId="83b97542-50fb-4646-a09c-75ac148b814c" testId="9e0c3293-e8ea-eacb-0614-bec62fd51b57" testName="Jarvis5.Tests.EaFms.TaskReview.ApprovalTaskReviewTests.Approve_WithoutPendingReview_Rejected" computerName="PRATIKSHA" duration="00:00:00.0141277" startTime="2026-09-22T14:36:52.7101065+05:30" endTime="2026-09-22T14:36:52.7101067+05:30" testType="13cdc9d9-ddb5-4fa4-a97d-d965ccfc6d4b" outcome="Passed" testListId="8c84fa94-04c1-424b-9868-57a2d4851a1d" relativeResultsDirectory="83b97542-50fb-4646-a09c-75ac148b814c" />
    <UnitTestResult executionId="16315a2f-6da0-4d5c-a922-a6a0a5cc72f1" testId="30662c60-e890-4e7c-fde4-132607f337a9" testName="Jarvis5.Tests.EaFms.TaskReview.ApprovalTaskReviewTests.Approve_Twice_SecondCallRejected" computerName="PRATIKSHA" duration="00:00:01.9830647" startTime="2026-09-22T14:36:52.5127102+05:30" endTime="2026-09-22T14:36:52.5127105+05:30" testType="13cdc9d9-ddb5-4fa4-a97d-d965ccfc6d4b" outcome="Passed" testListId="8c84fa94-04c1-424b-9868-57a2d4851a1d" relativeResultsDirectory="16315a2f-6da0-4d5c-a922-a6a0a5cc72f1" />
    <UnitTestResult executionId="bdd48898-b0b5-4055-b06b-d84367bba1a0" testId="6eac72f6-5304-065a-7e0d-60df61bfd0b2" testName="Jarvis5.Tests.EaFms.TaskReview.MeetingTaskReviewTests.NoReviewYet_SummaryIsNullShaped" computerName="PRATIKSHA" duration="00:00:00.1470965" startTime="2026-09-22T14:37:04.8461859+05:30" endTime="2026-09-22T14:37:04.8461862+05:30" testType="13cdc9d9-ddb5-4fa4-a97d-d965ccfc6d4b" outcome="Passed" testListId="8c84fa94-04c1-424b-9868-57a2d4851a1d" relativeResultsDirectory="bdd48898-b0b5-4055-b06b-d84367bba1a0" />
    <UnitTestResult executionId="1438803d-5434-47e3-9491-fca03fed4712" testId="58c4c64e-c24c-48f0-b76d-1b89aaf5382a" testName="Jarvis5.Tests.EaFms.TaskReview.DelegationTaskReviewTests.Approve_WithoutPendingReview_Rejected" computerName="PRATIKSHA" duration="00:00:00.0171625" startTime="2026-09-22T14:36:52.9519981+05:30" endTime="2026-09-22T14:36:52.9519983+05:30" testType="13cdc9d9-ddb5-4fa4-a97d-d965ccfc6d4b" outcome="Passed" testListId="8c84fa94-04c1-424b-9868-57a2d4851a1d" relativeResultsDirectory="1438803d-5434-47e3-9491-fca03fed4712" />
    <UnitTestResult executionId="bc5f30df-7bcf-495f-828a-e83b643ac53e" testId="1901eb35-d907-e392-e44e-a927679d0498" testName="Jarvis5.Tests.EaFms.TaskReview.TaskReviewServiceTests.TerminalTask_CannotSubmit(status: &quot;Completed&quot;)" computerName="PRATIKSHA" duration="00:00:00.0139224" startTime="2026-09-22T14:36:52.6863826+05:30" endTime="2026-09-22T14:36:52.6863831+05:30" testType="13cdc9d9-ddb5-4fa4-a97d-d965ccfc6d4b" outcome="Passed" testListId="8c84fa94-04c1-424b-9868-57a2d4851a1d" relativeResultsDirectory="bc5f30df-7bcf-495f-828a-e83b643ac53e" />
    <UnitTestResult executionId="0c91dede-ca35-44ff-88a0-14493355bdf6" testId="ed959f57-88bf-1166-1ca2-43544cc4a21a" testName="Jarvis5.Tests.EaFms.TaskReview.DelegationTaskReviewTests.NoReviewYet_SummaryIsNullShaped_NotFakeZero" computerName="PRATIKSHA" duration="00:00:00.0213522" startTime="2026-09-22T14:36:53.0084037+05:30" endTime="2026-09-22T14:36:53.0084039+05:30" testType="13cdc9d9-ddb5-4fa4-a97d-d965ccfc6d4b" outcome="Passed" testListId="8c84fa94-04c1-424b-9868-57a2d4851a1d" relativeResultsDirectory="0c91dede-ca35-44ff-88a0-14493355bdf6" />
    <UnitTestResult executionId="60b71188-df3c-4b43-8152-54b0b2d752ba" testId="55510339-9d9f-1428-d787-5a341843222c" testName="Jarvis5.Tests.EaFms.TaskReview.ApprovalTaskReviewTests.SubmitForReview_WhilePendingReview_Rejected" computerName="PRATIKSHA" duration="00:00:00.0081672" startTime="2026-09-22T14:36:52.7282474+05:30" endTime="2026-09-22T14:36:52.7282476+05:30" testType="13cdc9d9-ddb5-4fa4-a97d-d965ccfc6d4b" outcome="Passed" testListId="8c84fa94-04c1-424b-9868-57a2d4851a1d" relativeResultsDirectory="60b71188-df3c-4b43-8152-54b0b2d752ba" />
    <UnitTestResult executionId="816c2443-3d69-4a5f-abaa-8e6fddf6b2c8" testId="7d618b98-4457-e1c9-9dd1-69148558e04f" testName="Jarvis5.Tests.EaFms.TaskReview.MeetingTaskReviewTests.Approve_WithoutPendingReview_Rejected" computerName="PRATIKSHA" duration="00:00:00.1560040" startTime="2026-09-22T14:37:06.2375224+05:30" endTime="2026-09-22T14:37:06.2375226+05:30" testType="13cdc9d9-ddb5-4fa4-a97d-d965ccfc6d4b" outcome="Passed" testListId="8c84fa94-04c1-424b-9868-57a2d4851a1d" relativeResultsDirectory="816c2443-3d69-4a5f-abaa-8e6fddf6b2c8" />
    <UnitTestResult executionId="8d7834bb-19a9-438e-af36-44775f153f5d" testId="9210a81f-5c2b-cf78-3698-88a4229286cf" testName="Jarvis5.Tests.EaFms.TaskReview.MeetingTaskReviewTests.PendingReview_TatKeepsRunning_AndExecutionAnchorsStayFixed" computerName="PRATIKSHA" duration="00:00:01.8308445" startTime="2026-09-22T14:37:04.1841872+05:30" endTime="2026-09-22T14:37:04.1841874+05:30" testType="13cdc9d9-ddb5-4fa4-a97d-d965ccfc6d4b" outcome="Passed" testListId="8c84fa94-04c1-424b-9868-57a2d4851a1d" relativeResultsDirectory="8d7834bb-19a9-438e-af36-44775f153f5d" />
    <UnitTestResult executionId="9e97e50a-97a9-4869-b03d-3a1796e2430d" testId="43da4d50-c96a-8f79-aad6-cfda00de876d" testName="Jarvis5.Tests.EaFms.TaskReview.TravelTaskReviewTests.FullCycle_Submit_Rework_Resubmit_Approve" computerName="PRATIKSHA" duration="00:00:00.1085911" startTime="2026-09-22T14:36:52.7715208+05:30" endTime="2026-09-22T14:36:52.7715210+05:30" testType="13cdc9d9-ddb5-4fa4-a97d-d965ccfc6d4b" outcome="Passed" testListId="8c84fa94-04c1-424b-9868-57a2d4851a1d" relativeResultsDirectory="9e97e50a-97a9-4869-b03d-3a1796e2430d" />
    <UnitTestResult executionId="87129da1-95a3-4078-9d2e-9559b7cf0f42" testId="6667dd0d-689c-4013-2584-cca121fad5f5" testName="Jarvis5.Tests.EaFms.TaskReview.DelegationTaskReviewTests.Rework_WithoutPendingReview_Rejected" computerName="PRATIKSHA" duration="00:00:00.0347046" startTime="2026-09-22T14:36:52.9868779+05:30" endTime="2026-09-22T14:36:52.9868782+05:30" testType="13cdc9d9-ddb5-4fa4-a97d-d965ccfc6d4b" outcome="Passed" testListId="8c84fa94-04c1-424b-9868-57a2d4851a1d" relativeResultsDirectory="87129da1-95a3-4078-9d2e-9559b7cf0f42" />
    <UnitTestResult executionId="42f0330c-8abb-4e5a-9699-91369a70b5ef" testId="7eca3e5e-0a04-051e-9ecd-3804c295346a" testName="Jarvis5.Tests.EaFms.TaskReview.TravelTaskReviewTests.Approve_Twice_SecondCallRejected" computerName="PRATIKSHA" duration="00:00:02.0745248" startTime="2026-09-22T14:36:52.6028266+05:30" endTime="2026-09-22T14:36:52.6028270+05:30" testType="13cdc9d9-ddb5-4fa4-a97d-d965ccfc6d4b" outcome="Passed" testListId="8c84fa94-04c1-424b-9868-57a2d4851a1d" relativeResultsDirectory="42f0330c-8abb-4e5a-9699-91369a70b5ef" />
    <UnitTestResult executionId="d8cdb852-5772-4dd8-8ecc-193a9f69be7d" testId="465b572a-a020-f871-8f84-6991205dbf77" testName="Jarvis5.Tests.EaFms.TaskReview.TaskReviewServiceTests.MissingTask_IsNotFound" computerName="PRATIKSHA" duration="00:00:00.0052731" startTime="2026-09-22T14:36:52.6965508+05:30" endTime="2026-09-22T14:36:52.6965509+05:30" testType="13cdc9d9-ddb5-4fa4-a97d-d965ccfc6d4b" outcome="Passed" testListId="8c84fa94-04c1-424b-9868-57a2d4851a1d" relativeResultsDirectory="d8cdb852-5772-4dd8-8ecc-193a9f69be7d" />
    <UnitTestResult executionId="426bac02-b2fd-400c-a6cd-abb6f5bb9f9a" testId="01f6c6db-ed6c-7ab9-92fe-7880ae26ec45" testName="Jarvis5.Tests.EaFms.TaskReview.DelegationTaskReviewTests.FullCycle_Submit_Rework_Resubmit_Approve" computerName="PRATIKSHA" duration="00:00:02.2228591" startTime="2026-09-22T14:36:52.7511882+05:30" endTime="2026-09-22T14:36:52.7511886+05:30" testType="13cdc9d9-ddb5-4fa4-a97d-d965ccfc6d4b" outcome="Passed" testListId="8c84fa94-04c1-424b-9868-57a2d4851a1d" relativeResultsDirectory="426bac02-b2fd-400c-a6cd-abb6f5bb9f9a" />
    <UnitTestResult executionId="9de33549-eb0d-4f4f-8ca4-3319712ecb7f" testId="fe665bf2-cc91-156c-617f-a32215f45fde" testName="Jarvis5.Tests.EaFms.TaskReview.TaskReviewServiceTests.TerminalTask_CannotSubmit(status: &quot;Cancelled&quot;)" computerName="PRATIKSHA" duration="00:00:00.0045679" startTime="2026-09-22T14:36:52.6911228+05:30" endTime="2026-09-22T14:36:52.6911231+05:30" testType="13cdc9d9-ddb5-4fa4-a97d-d965ccfc6d4b" outcome="Passed" testListId="8c84fa94-04c1-424b-9868-57a2d4851a1d" relativeResultsDirectory="9de33549-eb0d-4f4f-8ca4-3319712ecb7f" />
  </Results>
  <TestDefinitions>
    <UnitTest name="Jarvis5.Tests.EaFms.TaskReview.MeetingTaskReviewTests.PendingReview_TatKeepsRunning_AndExecutionAnchorsStayFixed" storage="c:\users\admin\documents\db_jarvis_api\studio5jarvis_master_api-main\tests\bin\taskreviewverification\studio5jarvis.tests.dll" id="9210a81f-5c2b-cf78-3698-88a4229286cf">
      <Execution id="8d7834bb-19a9-438e-af36-44775f153f5d" />
      <TestMethod codeBase="C:\Users\Admin\Documents\DB_JARVIS_API\Studio5Jarvis_Master_API-main\Tests\bin\TaskReviewVerification\Studio5Jarvis.Tests.dll" adapterTypeName="executor://xunit/VsTestRunner2/netcoreapp" className="Jarvis5.Tests.EaFms.TaskReview.MeetingTaskReviewTests" name="PendingReview_TatKeepsRunning_AndExecutionAnchorsStayFixed" />
    </UnitTest>
    <UnitTest name="Jarvis5.Tests.EaFms.TaskReview.ApprovalTaskReviewTests.Approve_WithoutPendingReview_Rejected" storage="c:\users\admin\documents\db_jarvis_api\studio5jarvis_master_api-main\tests\bin\taskreviewverification\studio5jarvis.tests.dll" id="9e0c3293-e8ea-eacb-0614-bec62fd51b57">
      <Execution id="83b97542-50fb-4646-a09c-75ac148b814c" />
      <TestMethod codeBase="C:\Users\Admin\Documents\DB_JARVIS_API\Studio5Jarvis_Master_API-main\Tests\bin\TaskReviewVerification\Studio5Jarvis.Tests.dll" adapterTypeName="executor://xunit/VsTestRunner2/netcoreapp" className="Jarvis5.Tests.EaFms.TaskReview.ApprovalTaskReviewTests" name="Approve_WithoutPendingReview_Rejected" />
    </UnitTest>
    <UnitTest name="Jarvis5.Tests.EaFms.TaskReview.ApprovalTaskReviewTests.Approve_Twice_SecondCallRejected" storage="c:\users\admin\documents\db_jarvis_api\studio5jarvis_master_api-main\tests\bin\taskreviewverification\studio5jarvis.tests.dll" id="30662c60-e890-4e7c-fde4-132607f337a9">
      <Execution id="16315a2f-6da0-4d5c-a922-a6a0a5cc72f1" />
      <TestMethod codeBase="C:\Users\Admin\Documents\DB_JARVIS_API\Studio5Jarvis_Master_API-main\Tests\bin\TaskReviewVerification\Studio5Jarvis.Tests.dll" adapterTypeName="executor://xunit/VsTestRunner2/netcoreapp" className="Jarvis5.Tests.EaFms.TaskReview.ApprovalTaskReviewTests" name="Approve_Twice_SecondCallRejected" />
    </UnitTest>
    <UnitTest name="Jarvis5.Tests.EaFms.TaskReview.TaskReviewServiceTests.Snapshots_History_Batch_AndExecutionFields_ArePreserved" storage="c:\users\admin\documents\db_jarvis_api\studio5jarvis_master_api-main\tests\bin\taskreviewverification\studio5jarvis.tests.dll" id="8393513f-e34e-179f-264b-cab9b91e31d7">
      <Execution id="0dde8851-725b-4817-850b-451ff4dbb8a3" />
      <TestMethod codeBase="C:\Users\Admin\Documents\DB_JARVIS_API\Studio5Jarvis_Master_API-main\Tests\bin\TaskReviewVerification\Studio5Jarvis.Tests.dll" adapterTypeName="executor://xunit/VsTestRunner2/netcoreapp" className="Jarvis5.Tests.EaFms.TaskReview.TaskReviewServiceTests" name="Snapshots_History_Batch_AndExecutionFields_ArePreserved" />
    </UnitTest>
    <UnitTest name="Jarvis5.Tests.EaFms.TaskReview.ApprovalTaskReviewTests.Rework_WithoutPendingReview_Rejected" storage="c:\users\admin\documents\db_jarvis_api\studio5jarvis_master_api-main\tests\bin\taskreviewverification\studio5jarvis.tests.dll" id="799852c0-6589-3963-76ec-df5f544d6aa1">
      <Execution id="c2e7395d-1c4d-4082-95a8-4f01d3b5a0c8" />
      <TestMethod codeBase="C:\Users\Admin\Documents\DB_JARVIS_API\Studio5Jarvis_Master_API-main\Tests\bin\TaskReviewVerification\Studio5Jarvis.Tests.dll" adapterTypeName="executor://xunit/VsTestRunner2/netcoreapp" className="Jarvis5.Tests.EaFms.TaskReview.ApprovalTaskReviewTests" name="Rework_WithoutPendingReview_Rejected" />
    </UnitTest>
    <UnitTest name="Jarvis5.Tests.EaFms.TaskReview.MeetingTaskReviewTests.ConcurrentSubmit_OnlyOneCycleIsCreated" storage="c:\users\admin\documents\db_jarvis_api\studio5jarvis_master_api-main\tests\bin\taskreviewverification\studio5jarvis.tests.dll" id="ca77361c-f2eb-480c-2dc7-05b6b39dcd06">
      <Execution id="7defce88-df28-4fae-bac0-f5d38818a1cf" />
      <TestMethod codeBase="C:\Users\Admin\Documents\DB_JARVIS_API\Studio5Jarvis_Master_API-main\Tests\bin\TaskReviewVerification\Studio5Jarvis.Tests.dll" adapterTypeName="executor://xunit/VsTestRunner2/netcoreapp" className="Jarvis5.Tests.EaFms.TaskReview.MeetingTaskReviewTests" name="ConcurrentSubmit_OnlyOneCycleIsCreated" />
    </UnitTest>
    <UnitTest name="Jarvis5.Tests.EaFms.TaskReview.TaskReviewServiceTests.TerminalTask_CannotSubmit(status: &quot;Cancelled&quot;)" storage="c:\users\admin\documents\db_jarvis_api\studio5jarvis_master_api-main\tests\bin\taskreviewverification\studio5jarvis.tests.dll" id="fe665bf2-cc91-156c-617f-a32215f45fde">
      <Execution id="9de33549-eb0d-4f4f-8ca4-3319712ecb7f" />
      <TestMethod codeBase="C:\Users\Admin\Documents\DB_JARVIS_API\Studio5Jarvis_Master_API-main\Tests\bin\TaskReviewVerification\Studio5Jarvis.Tests.dll" adapterTypeName="executor://xunit/VsTestRunner2/netcoreapp" className="Jarvis5.Tests.EaFms.TaskReview.TaskReviewServiceTests" name="TerminalTask_CannotSubmit" />
    </UnitTest>
    <UnitTest name="Jarvis5.Tests.EaFms.TaskReview.TravelTaskReviewTests.Approve_Twice_SecondCallRejected" storage="c:\users\admin\documents\db_jarvis_api\studio5jarvis_master_api-main\tests\bin\taskreviewverification\studio5jarvis.tests.dll" id="7eca3e5e-0a04-051e-9ecd-3804c295346a">
      <Execution id="42f0330c-8abb-4e5a-9699-91369a70b5ef" />
      <TestMethod codeBase="C:\Users\Admin\Documents\DB_JARVIS_API\Studio5Jarvis_Master_API-main\Tests\bin\TaskReviewVerification\Studio5Jarvis.Tests.dll" adapterTypeName="executor://xunit/VsTestRunner2/netcoreapp" className="Jarvis5.Tests.EaFms.TaskReview.TravelTaskReviewTests" name="Approve_Twice_SecondCallRejected" />
    </UnitTest>
    <UnitTest name="Jarvis5.Tests.EaFms.TaskReview.TravelTaskReviewTests.FullCycle_Submit_Rework_Resubmit_Approve" storage="c:\users\admin\documents\db_jarvis_api\studio5jarvis_master_api-main\tests\bin\taskreviewverification\studio5jarvis.tests.dll" id="43da4d50-c96a-8f79-aad6-cfda00de876d">
      <Execution id="9e97e50a-97a9-4869-b03d-3a1796e2430d" />
      <TestMethod codeBase="C:\Users\Admin\Documents\DB_JARVIS_API\Studio5Jarvis_Master_API-main\Tests\bin\TaskReviewVerification\Studio5Jarvis.Tests.dll" adapterTypeName="executor://xunit/VsTestRunner2/netcoreapp" className="Jarvis5.Tests.EaFms.TaskReview.TravelTaskReviewTests" name="FullCycle_Submit_Rework_Resubmit_Approve" />
    </UnitTest>
    <UnitTest name="Jarvis5.Tests.EaFms.TaskReview.DelegationTaskReviewTests.Approve_WithoutPendingReview_Rejected" storage="c:\users\admin\documents\db_jarvis_api\studio5jarvis_master_api-main\tests\bin\taskreviewverification\studio5jarvis.tests.dll" id="58c4c64e-c24c-48f0-b76d-1b89aaf5382a">
      <Execution id="1438803d-5434-47e3-9491-fca03fed4712" />
      <TestMethod codeBase="C:\Users\Admin\Documents\DB_JARVIS_API\Studio5Jarvis_Master_API-main\Tests\bin\TaskReviewVerification\Studio5Jarvis.Tests.dll" adapterTypeName="executor://xunit/VsTestRunner2/netcoreapp" className="Jarvis5.Tests.EaFms.TaskReview.DelegationTaskReviewTests" name="Approve_WithoutPendingReview_Rejected" />
    </UnitTest>
    <UnitTest name="Jarvis5.Tests.EaFms.TaskReview.DelegationTaskReviewTests.Approve_Twice_SecondCallRejected" storage="c:\users\admin\documents\db_jarvis_api\studio5jarvis_master_api-main\tests\bin\taskreviewverification\studio5jarvis.tests.dll" id="67ca67f7-7aa6-a927-9de1-d73cd0938001">
      <Execution id="dfbc44a5-6a2c-4135-a373-1a9746762561" />
      <TestMethod codeBase="C:\Users\Admin\Documents\DB_JARVIS_API\Studio5Jarvis_Master_API-main\Tests\bin\TaskReviewVerification\Studio5Jarvis.Tests.dll" adapterTypeName="executor://xunit/VsTestRunner2/netcoreapp" className="Jarvis5.Tests.EaFms.TaskReview.DelegationTaskReviewTests" name="Approve_Twice_SecondCallRejected" />
    </UnitTest>
    <UnitTest name="Jarvis5.Tests.EaFms.TaskReview.ApprovalTaskReviewTests.SubmitForReview_WhilePendingReview_Rejected" storage="c:\users\admin\documents\db_jarvis_api\studio5jarvis_master_api-main\tests\bin\taskreviewverification\studio5jarvis.tests.dll" id="55510339-9d9f-1428-d787-5a341843222c">
      <Execution id="60b71188-df3c-4b43-8152-54b0b2d752ba" />
      <TestMethod codeBase="C:\Users\Admin\Documents\DB_JARVIS_API\Studio5Jarvis_Master_API-main\Tests\bin\TaskReviewVerification\Studio5Jarvis.Tests.dll" adapterTypeName="executor://xunit/VsTestRunner2/netcoreapp" className="Jarvis5.Tests.EaFms.TaskReview.ApprovalTaskReviewTests" name="SubmitForReview_WhilePendingReview_Rejected" />
    </UnitTest>
    <UnitTest name="Jarvis5.Tests.EaFms.TaskReview.MeetingTaskReviewTests.Approve_WithoutPendingReview_Rejected" storage="c:\users\admin\documents\db_jarvis_api\studio5jarvis_master_api-main\tests\bin\taskreviewverification\studio5jarvis.tests.dll" id="7d618b98-4457-e1c9-9dd1-69148558e04f">
      <Execution id="816c2443-3d69-4a5f-abaa-8e6fddf6b2c8" />
      <TestMethod codeBase="C:\Users\Admin\Documents\DB_JARVIS_API\Studio5Jarvis_Master_API-main\Tests\bin\TaskReviewVerification\Studio5Jarvis.Tests.dll" adapterTypeName="executor://xunit/VsTestRunner2/netcoreapp" className="Jarvis5.Tests.EaFms.TaskReview.MeetingTaskReviewTests" name="Approve_WithoutPendingReview_Rejected" />
    </UnitTest>
    <UnitTest name="Jarvis5.Tests.EaFms.TaskReview.DelegationTaskReviewTests.NoReviewYet_SummaryIsNullShaped_NotFakeZero" storage="c:\users\admin\documents\db_jarvis_api\studio5jarvis_master_api-main\tests\bin\taskreviewverification\studio5jarvis.tests.dll" id="ed959f57-88bf-1166-1ca2-43544cc4a21a">
      <Execution id="0c91dede-ca35-44ff-88a0-14493355bdf6" />
      <TestMethod codeBase="C:\Users\Admin\Documents\DB_JARVIS_API\Studio5Jarvis_Master_API-main\Tests\bin\TaskReviewVerification\Studio5Jarvis.Tests.dll" adapterTypeName="executor://xunit/VsTestRunner2/netcoreapp" className="Jarvis5.Tests.EaFms.TaskReview.DelegationTaskReviewTests" name="NoReviewYet_SummaryIsNullShaped_NotFakeZero" />
    </UnitTest>
    <UnitTest name="Jarvis5.Tests.EaFms.TaskReview.TaskReviewServiceTests.TerminalTask_CannotSubmit(status: &quot;Completed&quot;)" storage="c:\users\admin\documents\db_jarvis_api\studio5jarvis_master_api-main\tests\bin\taskreviewverification\studio5jarvis.tests.dll" id="1901eb35-d907-e392-e44e-a927679d0498">
      <Execution id="bc5f30df-7bcf-495f-828a-e83b643ac53e" />
      <TestMethod codeBase="C:\Users\Admin\Documents\DB_JARVIS_API\Studio5Jarvis_Master_API-main\Tests\bin\TaskReviewVerification\Studio5Jarvis.Tests.dll" adapterTypeName="executor://xunit/VsTestRunner2/netcoreapp" className="Jarvis5.Tests.EaFms.TaskReview.TaskReviewServiceTests" name="TerminalTask_CannotSubmit" />
    </UnitTest>
    <UnitTest name="Jarvis5.Tests.EaFms.TaskReview.TaskReviewSwaggerTests.GeneratedContract_ExposesModuleRoutes_AndReusesSummary" storage="c:\users\admin\documents\db_jarvis_api\studio5jarvis_master_api-main\tests\bin\taskreviewverification\studio5jarvis.tests.dll" id="d5b48391-261f-2ed6-a770-6e55e4f88a8b">
      <Execution id="03ae12a8-a176-4e29-86db-8116160a9be9" />
      <TestMethod codeBase="C:\Users\Admin\Documents\DB_JARVIS_API\Studio5Jarvis_Master_API-main\Tests\bin\TaskReviewVerification\Studio5Jarvis.Tests.dll" adapterTypeName="executor://xunit/VsTestRunner2/netcoreapp" className="Jarvis5.Tests.EaFms.TaskReview.TaskReviewSwaggerTests" name="GeneratedContract_ExposesModuleRoutes_AndReusesSummary" />
    </UnitTest>
    <UnitTest name="Jarvis5.Tests.EaFms.TaskReview.DelegationTaskReviewTests.PendingReview_TatKeepsRunning_AndCompleteRemainsIndependent" storage="c:\users\admin\documents\db_jarvis_api\studio5jarvis_master_api-main\tests\bin\taskreviewverification\studio5jarvis.tests.dll" id="4b5a5de5-eccd-6056-d97a-bd0c1f35e98c">
      <Execution id="0096b8fd-0600-41e5-9157-49f4e5d198cc" />
      <TestMethod codeBase="C:\Users\Admin\Documents\DB_JARVIS_API\Studio5Jarvis_Master_API-main\Tests\bin\TaskReviewVerification\Studio5Jarvis.Tests.dll" adapterTypeName="executor://xunit/VsTestRunner2/netcoreapp" className="Jarvis5.Tests.EaFms.TaskReview.DelegationTaskReviewTests" name="PendingReview_TatKeepsRunning_AndCompleteRemainsIndependent" />
    </UnitTest>
    <UnitTest name="Jarvis5.Tests.EaFms.TaskReview.TravelTaskReviewTests.Approve_WithoutPendingReview_Rejected" storage="c:\users\admin\documents\db_jarvis_api\studio5jarvis_master_api-main\tests\bin\taskreviewverification\studio5jarvis.tests.dll" id="c4f94de6-ca4b-c18c-d68c-abf7f1177996">
      <Execution id="db47a5d7-9e58-4929-aa4b-6f95bcc43948" />
      <TestMethod codeBase="C:\Users\Admin\Documents\DB_JARVIS_API\Studio5Jarvis_Master_API-main\Tests\bin\TaskReviewVerification\Studio5Jarvis.Tests.dll" adapterTypeName="executor://xunit/VsTestRunner2/netcoreapp" className="Jarvis5.Tests.EaFms.TaskReview.TravelTaskReviewTests" name="Approve_WithoutPendingReview_Rejected" />
    </UnitTest>
    <UnitTest name="Jarvis5.Tests.EaFms.TaskReview.TravelTaskReviewTests.SubmitForReview_WhilePendingReview_Rejected" storage="c:\users\admin\documents\db_jarvis_api\studio5jarvis_master_api-main\tests\bin\taskreviewverification\studio5jarvis.tests.dll" id="40be233d-80bd-d6cd-c9ef-5e391344bacd">
      <Execution id="6b56d0c0-8042-4fd8-ae03-758adceea486" />
      <TestMethod codeBase="C:\Users\Admin\Documents\DB_JARVIS_API\Studio5Jarvis_Master_API-main\Tests\bin\TaskReviewVerification\Studio5Jarvis.Tests.dll" adapterTypeName="executor://xunit/VsTestRunner2/netcoreapp" className="Jarvis5.Tests.EaFms.TaskReview.TravelTaskReviewTests" name="SubmitForReview_WhilePendingReview_Rejected" />
    </UnitTest>
    <UnitTest name="Jarvis5.Tests.EaFms.TaskReview.TaskReviewServiceTests.MissingTask_IsNotFound" storage="c:\users\admin\documents\db_jarvis_api\studio5jarvis_master_api-main\tests\bin\taskreviewverification\studio5jarvis.tests.dll" id="465b572a-a020-f871-8f84-6991205dbf77">
      <Execution id="d8cdb852-5772-4dd8-8ecc-193a9f69be7d" />
      <TestMethod codeBase="C:\Users\Admin\Documents\DB_JARVIS_API\Studio5Jarvis_Master_API-main\Tests\bin\TaskReviewVerification\Studio5Jarvis.Tests.dll" adapterTypeName="executor://xunit/VsTestRunner2/netcoreapp" className="Jarvis5.Tests.EaFms.TaskReview.TaskReviewServiceTests" name="MissingTask_IsNotFound" />
    </UnitTest>
    <UnitTest name="Jarvis5.Tests.EaFms.TaskReview.MeetingTaskReviewTests.PreviouslyTrackedPendingCycle_CannotApproveAfterAnotherContextDecides" storage="c:\users\admin\documents\db_jarvis_api\studio5jarvis_master_api-main\tests\bin\taskreviewverification\studio5jarvis.tests.dll" id="b4a46bb8-a520-fb7f-fad3-ebdcb3ec430b">
      <Execution id="8709184b-68eb-4182-ae29-7af7856d5c25" />
      <TestMethod codeBase="C:\Users\Admin\Documents\DB_JARVIS_API\Studio5Jarvis_Master_API-main\Tests\bin\TaskReviewVerification\Studio5Jarvis.Tests.dll" adapterTypeName="executor://xunit/VsTestRunner2/netcoreapp" className="Jarvis5.Tests.EaFms.TaskReview.MeetingTaskReviewTests" name="PreviouslyTrackedPendingCycle_CannotApproveAfterAnotherContextDecides" />
    </UnitTest>
    <UnitTest name="Jarvis5.Tests.EaFms.TaskReview.MeetingTaskReviewTests.FullCycle_Submit_Rework_Resubmit_Approve" storage="c:\users\admin\documents\db_jarvis_api\studio5jarvis_master_api-main\tests\bin\taskreviewverification\studio5jarvis.tests.dll" id="0292bf11-f323-e7ba-fa31-e90ffe3f2e17">
      <Execution id="efb40365-9c88-4035-a229-20a6fd6de09f" />
      <TestMethod codeBase="C:\Users\Admin\Documents\DB_JARVIS_API\Studio5Jarvis_Master_API-main\Tests\bin\TaskReviewVerification\Studio5Jarvis.Tests.dll" adapterTypeName="executor://xunit/VsTestRunner2/netcoreapp" className="Jarvis5.Tests.EaFms.TaskReview.MeetingTaskReviewTests" name="FullCycle_Submit_Rework_Resubmit_Approve" />
    </UnitTest>
    <UnitTest name="Jarvis5.Tests.EaFms.TaskReview.ApprovalTaskReviewTests.FullCycle_Submit_Rework_Resubmit_Approve" storage="c:\users\admin\documents\db_jarvis_api\studio5jarvis_master_api-main\tests\bin\taskreviewverification\studio5jarvis.tests.dll" id="82c1781f-ac89-c9af-428c-fc49a817dd3f">
      <Execution id="a0a35629-a902-45b1-851a-6e0003f3b3ec" />
      <TestMethod codeBase="C:\Users\Admin\Documents\DB_JARVIS_API\Studio5Jarvis_Master_API-main\Tests\bin\TaskReviewVerification\Studio5Jarvis.Tests.dll" adapterTypeName="executor://xunit/VsTestRunner2/netcoreapp" className="Jarvis5.Tests.EaFms.TaskReview.ApprovalTaskReviewTests" name="FullCycle_Submit_Rework_Resubmit_Approve" />
    </UnitTest>
    <UnitTest name="Jarvis5.Tests.EaFms.TaskReview.DelegationTaskReviewTests.FullCycle_Submit_Rework_Resubmit_Approve" storage="c:\users\admin\documents\db_jarvis_api\studio5jarvis_master_api-main\tests\bin\taskreviewverification\studio5jarvis.tests.dll" id="01f6c6db-ed6c-7ab9-92fe-7880ae26ec45">
      <Execution id="426bac02-b2fd-400c-a6cd-abb6f5bb9f9a" />
      <TestMethod codeBase="C:\Users\Admin\Documents\DB_JARVIS_API\Studio5Jarvis_Master_API-main\Tests\bin\TaskReviewVerification\Studio5Jarvis.Tests.dll" adapterTypeName="executor://xunit/VsTestRunner2/netcoreapp" className="Jarvis5.Tests.EaFms.TaskReview.DelegationTaskReviewTests" name="FullCycle_Submit_Rework_Resubmit_Approve" />
    </UnitTest>
    <UnitTest name="Jarvis5.Tests.EaFms.TaskReview.MeetingTaskReviewTests.SubmitForReview_WhilePendingReview_Rejected" storage="c:\users\admin\documents\db_jarvis_api\studio5jarvis_master_api-main\tests\bin\taskreviewverification\studio5jarvis.tests.dll" id="cc90ca1a-e57d-2f23-2571-6f4859884412">
      <Execution id="39e10b7c-8504-4f25-b1b3-e4af76df4530" />
      <TestMethod codeBase="C:\Users\Admin\Documents\DB_JARVIS_API\Studio5Jarvis_Master_API-main\Tests\bin\TaskReviewVerification\Studio5Jarvis.Tests.dll" adapterTypeName="executor://xunit/VsTestRunner2/netcoreapp" className="Jarvis5.Tests.EaFms.TaskReview.MeetingTaskReviewTests" name="SubmitForReview_WhilePendingReview_Rejected" />
    </UnitTest>
    <UnitTest name="Jarvis5.Tests.EaFms.TaskReview.MeetingTaskReviewTests.NoReviewYet_SummaryIsNullShaped" storage="c:\users\admin\documents\db_jarvis_api\studio5jarvis_master_api-main\tests\bin\taskreviewverification\studio5jarvis.tests.dll" id="6eac72f6-5304-065a-7e0d-60df61bfd0b2">
      <Execution id="bdd48898-b0b5-4055-b06b-d84367bba1a0" />
      <TestMethod codeBase="C:\Users\Admin\Documents\DB_JARVIS_API\Studio5Jarvis_Master_API-main\Tests\bin\TaskReviewVerification\Studio5Jarvis.Tests.dll" adapterTypeName="executor://xunit/VsTestRunner2/netcoreapp" className="Jarvis5.Tests.EaFms.TaskReview.MeetingTaskReviewTests" name="NoReviewYet_SummaryIsNullShaped" />
    </UnitTest>
    <UnitTest name="Jarvis5.Tests.EaFms.TaskReview.DelegationTaskReviewTests.Rework_WithoutPendingReview_Rejected" storage="c:\users\admin\documents\db_jarvis_api\studio5jarvis_master_api-main\tests\bin\taskreviewverification\studio5jarvis.tests.dll" id="6667dd0d-689c-4013-2584-cca121fad5f5">
      <Execution id="87129da1-95a3-4078-9d2e-9559b7cf0f42" />
      <TestMethod codeBase="C:\Users\Admin\Documents\DB_JARVIS_API\Studio5Jarvis_Master_API-main\Tests\bin\TaskReviewVerification\Studio5Jarvis.Tests.dll" adapterTypeName="executor://xunit/VsTestRunner2/netcoreapp" className="Jarvis5.Tests.EaFms.TaskReview.DelegationTaskReviewTests" name="Rework_WithoutPendingReview_Rejected" />
    </UnitTest>
    <UnitTest name="Jarvis5.Tests.EaFms.TaskReview.DelegationTaskReviewTests.SubmitForReview_WhilePendingReview_Rejected" storage="c:\users\admin\documents\db_jarvis_api\studio5jarvis_master_api-main\tests\bin\taskreviewverification\studio5jarvis.tests.dll" id="1a3f7f9a-8e7e-0f4c-4d9b-bfa164d398fd">
      <Execution id="275740af-1668-437a-be69-68389fa44a0e" />
      <TestMethod codeBase="C:\Users\Admin\Documents\DB_JARVIS_API\Studio5Jarvis_Master_API-main\Tests\bin\TaskReviewVerification\Studio5Jarvis.Tests.dll" adapterTypeName="executor://xunit/VsTestRunner2/netcoreapp" className="Jarvis5.Tests.EaFms.TaskReview.DelegationTaskReviewTests" name="SubmitForReview_WhilePendingReview_Rejected" />
    </UnitTest>
  </TestDefinitions>
  <TestEntries>
    <TestEntry testId="cc90ca1a-e57d-2f23-2571-6f4859884412" executionId="39e10b7c-8504-4f25-b1b3-e4af76df4530" testListId="8c84fa94-04c1-424b-9868-57a2d4851a1d" />
    <TestEntry testId="67ca67f7-7aa6-a927-9de1-d73cd0938001" executionId="dfbc44a5-6a2c-4135-a373-1a9746762561" testListId="8c84fa94-04c1-424b-9868-57a2d4851a1d" />
    <TestEntry testId="799852c0-6589-3963-76ec-df5f544d6aa1" executionId="c2e7395d-1c4d-4082-95a8-4f01d3b5a0c8" testListId="8c84fa94-04c1-424b-9868-57a2d4851a1d" />
    <TestEntry testId="0292bf11-f323-e7ba-fa31-e90ffe3f2e17" executionId="efb40365-9c88-4035-a229-20a6fd6de09f" testListId="8c84fa94-04c1-424b-9868-57a2d4851a1d" />
    <TestEntry testId="82c1781f-ac89-c9af-428c-fc49a817dd3f" executionId="a0a35629-a902-45b1-851a-6e0003f3b3ec" testListId="8c84fa94-04c1-424b-9868-57a2d4851a1d" />
    <TestEntry testId="8393513f-e34e-179f-264b-cab9b91e31d7" executionId="0dde8851-725b-4817-850b-451ff4dbb8a3" testListId="8c84fa94-04c1-424b-9868-57a2d4851a1d" />
    <TestEntry testId="c4f94de6-ca4b-c18c-d68c-abf7f1177996" executionId="db47a5d7-9e58-4929-aa4b-6f95bcc43948" testListId="8c84fa94-04c1-424b-9868-57a2d4851a1d" />
    <TestEntry testId="d5b48391-261f-2ed6-a770-6e55e4f88a8b" executionId="03ae12a8-a176-4e29-86db-8116160a9be9" testListId="8c84fa94-04c1-424b-9868-57a2d4851a1d" />
    <TestEntry testId="b4a46bb8-a520-fb7f-fad3-ebdcb3ec430b" executionId="8709184b-68eb-4182-ae29-7af7856d5c25" testListId="8c84fa94-04c1-424b-9868-57a2d4851a1d" />
    <TestEntry testId="40be233d-80bd-d6cd-c9ef-5e391344bacd" executionId="6b56d0c0-8042-4fd8-ae03-758adceea486" testListId="8c84fa94-04c1-424b-9868-57a2d4851a1d" />
    <TestEntry testId="4b5a5de5-eccd-6056-d97a-bd0c1f35e98c" executionId="0096b8fd-0600-41e5-9157-49f4e5d198cc" testListId="8c84fa94-04c1-424b-9868-57a2d4851a1d" />
    <TestEntry testId="ca77361c-f2eb-480c-2dc7-05b6b39dcd06" executionId="7defce88-df28-4fae-bac0-f5d38818a1cf" testListId="8c84fa94-04c1-424b-9868-57a2d4851a1d" />
    <TestEntry testId="1a3f7f9a-8e7e-0f4c-4d9b-bfa164d398fd" executionId="275740af-1668-437a-be69-68389fa44a0e" testListId="8c84fa94-04c1-424b-9868-57a2d4851a1d" />
    <TestEntry testId="9e0c3293-e8ea-eacb-0614-bec62fd51b57" executionId="83b97542-50fb-4646-a09c-75ac148b814c" testListId="8c84fa94-04c1-424b-9868-57a2d4851a1d" />
    <TestEntry testId="30662c60-e890-4e7c-fde4-132607f337a9" executionId="16315a2f-6da0-4d5c-a922-a6a0a5cc72f1" testListId="8c84fa94-04c1-424b-9868-57a2d4851a1d" />
    <TestEntry testId="6eac72f6-5304-065a-7e0d-60df61bfd0b2" executionId="bdd48898-b0b5-4055-b06b-d84367bba1a0" testListId="8c84fa94-04c1-424b-9868-57a2d4851a1d" />
    <TestEntry testId="58c4c64e-c24c-48f0-b76d-1b89aaf5382a" executionId="1438803d-5434-47e3-9491-fca03fed4712" testListId="8c84fa94-04c1-424b-9868-57a2d4851a1d" />
    <TestEntry testId="1901eb35-d907-e392-e44e-a927679d0498" executionId="bc5f30df-7bcf-495f-828a-e83b643ac53e" testListId="8c84fa94-04c1-424b-9868-57a2d4851a1d" />
    <TestEntry testId="ed959f57-88bf-1166-1ca2-43544cc4a21a" executionId="0c91dede-ca35-44ff-88a0-14493355bdf6" testListId="8c84fa94-04c1-424b-9868-57a2d4851a1d" />
    <TestEntry testId="55510339-9d9f-1428-d787-5a341843222c" executionId="60b71188-df3c-4b43-8152-54b0b2d752ba" testListId="8c84fa94-04c1-424b-9868-57a2d4851a1d" />
    <TestEntry testId="7d618b98-4457-e1c9-9dd1-69148558e04f" executionId="816c2443-3d69-4a5f-abaa-8e6fddf6b2c8" testListId="8c84fa94-04c1-424b-9868-57a2d4851a1d" />
    <TestEntry testId="9210a81f-5c2b-cf78-3698-88a4229286cf" executionId="8d7834bb-19a9-438e-af36-44775f153f5d" testListId="8c84fa94-04c1-424b-9868-57a2d4851a1d" />
    <TestEntry testId="43da4d50-c96a-8f79-aad6-cfda00de876d" executionId="9e97e50a-97a9-4869-b03d-3a1796e2430d" testListId="8c84fa94-04c1-424b-9868-57a2d4851a1d" />
    <TestEntry testId="6667dd0d-689c-4013-2584-cca121fad5f5" executionId="87129da1-95a3-4078-9d2e-9559b7cf0f42" testListId="8c84fa94-04c1-424b-9868-57a2d4851a1d" />
    <TestEntry testId="7eca3e5e-0a04-051e-9ecd-3804c295346a" executionId="42f0330c-8abb-4e5a-9699-91369a70b5ef" testListId="8c84fa94-04c1-424b-9868-57a2d4851a1d" />
    <TestEntry testId="465b572a-a020-f871-8f84-6991205dbf77" executionId="d8cdb852-5772-4dd8-8ecc-193a9f69be7d" testListId="8c84fa94-04c1-424b-9868-57a2d4851a1d" />
    <TestEntry testId="01f6c6db-ed6c-7ab9-92fe-7880ae26ec45" executionId="426bac02-b2fd-400c-a6cd-abb6f5bb9f9a" testListId="8c84fa94-04c1-424b-9868-57a2d4851a1d" />
    <TestEntry testId="fe665bf2-cc91-156c-617f-a32215f45fde" executionId="9de33549-eb0d-4f4f-8ca4-3319712ecb7f" testListId="8c84fa94-04c1-424b-9868-57a2d4851a1d" />
  </TestEntries>
  <TestLists>
    <TestList name="Results Not in a List" id="8c84fa94-04c1-424b-9868-57a2d4851a1d" />
    <TestList name="All Loaded Results" id="19431567-8539-422a-85d7-44ee4e166bda" />
  </TestLists>
  <ResultSummary outcome="Failed">
    <Counters total="28" executed="28" passed="27" failed="1" error="0" timeout="0" aborted="0" inconclusive="0" passedButRunAborted="0" notRunnable="0" notExecuted="0" disconnected="0" warning="0" completed="0" inProgress="0" pending="0" />
    <Output>
      <StdOut>[xUnit.net 00:00:00.00] xUnit.net VSTest Adapter v2.4.3+1b45f5407b (64-bit .NET 8.0.31)&#xD;
[xUnit.net 00:00:01.53]   Discovering: Studio5Jarvis.Tests&#xD;
[xUnit.net 00:00:01.83]   Discovered:  Studio5Jarvis.Tests&#xD;
[xUnit.net 00:00:01.84]   Starting:    Studio5Jarvis.Tests&#xD;
[xUnit.net 00:00:02.70]       Swashbuckle.AspNetCore.SwaggerGen.SwaggerGeneratorException : Failed to generate Operation for action - Jarvis5.Controllers.EaFms.ApprovalsController.Get (Studio5JarvisMasterApi). See inner exception&#xD;
[xUnit.net 00:00:02.71]       ---- Swashbuckle.AspNetCore.SwaggerGen.SwaggerGeneratorException : Failed to generate schema for type - Jarvis5.Dtos.EaFms.ApprovalDetailDto. See inner exception&#xD;
[xUnit.net 00:00:02.71]       -------- System.InvalidOperationException : Can't use schemaId "$ApprovalDetailDto" for type "$Jarvis5.Dtos.EaFms.ApprovalDetailDto". The same schemaId is already used for type "$Jarvis5.Dtos.Approval.ApprovalDetailDto"&#xD;
[xUnit.net 00:00:02.71]       Stack Trace:&#xD;
[xUnit.net 00:00:02.71]            at Swashbuckle.AspNetCore.SwaggerGen.SwaggerGenerator.GetSwagger(String documentName, String host, String basePath)&#xD;
[xUnit.net 00:00:02.71]         C:\Users\Admin\Documents\DB_JARVIS_API\Studio5Jarvis_Master_API-main\Tests\EaFms\TaskReview\TaskReviewSwaggerTests.cs(28,0): at Jarvis5.Tests.EaFms.TaskReview.TaskReviewSwaggerTests.GeneratedContract_ExposesModuleRoutes_AndReusesSummary()&#xD;
[xUnit.net 00:00:02.71]         C:\Users\Admin\Documents\DB_JARVIS_API\Studio5Jarvis_Master_API-main\Tests\EaFms\TaskReview\TaskReviewSwaggerTests.cs(48,0): at Jarvis5.Tests.EaFms.TaskReview.TaskReviewSwaggerTests.GeneratedContract_ExposesModuleRoutes_AndReusesSummary()&#xD;
[xUnit.net 00:00:02.71]         --- End of stack trace from previous location ---&#xD;
[xUnit.net 00:00:02.71]         ----- Inner Stack Trace -----&#xD;
[xUnit.net 00:00:02.71]            at Swashbuckle.AspNetCore.SwaggerGen.SwaggerGenerator.GenerateSchema(Type type, SchemaRepository schemaRepository, PropertyInfo propertyInfo, ParameterInfo parameterInfo, ApiParameterRouteInfo routeInfo)&#xD;
[xUnit.net 00:00:02.71]            at Swashbuckle.AspNetCore.SwaggerGen.SwaggerGenerator.CreateResponseMediaType(Type modelType, SchemaRepository schemaRepository)&#xD;
[xUnit.net 00:00:02.71]            at Swashbuckle.AspNetCore.SwaggerGen.SwaggerGenerator.&lt;&gt;c__DisplayClass42_0.&lt;GenerateResponse&gt;b__2(String contentType)&#xD;
[xUnit.net 00:00:02.71]            at System.Linq.Enumerable.ToDictionary[TSource,TKey,TElement](IEnumerable`1 source, Func`2 keySelector, Func`2 elementSelector, IEqualityComparer`1 comparer)&#xD;
[xUnit.net 00:00:02.71]            at System.Linq.Enumerable.ToDictionary[TSource,TKey,TElement](IEnumerable`1 source, Func`2 keySelector, Func`2 elementSelector)&#xD;
[xUnit.net 00:00:02.71]            at Swashbuckle.AspNetCore.SwaggerGen.SwaggerGenerator.GenerateResponse(ApiDescription apiDescription, SchemaRepository schemaRepository, String statusCode, ApiResponseType apiResponseType)&#xD;
[xUnit.net 00:00:02.71]            at Swashbuckle.AspNetCore.SwaggerGen.SwaggerGenerator.GenerateResponses(ApiDescription apiDescription, SchemaRepository schemaRepository)&#xD;
[xUnit.net 00:00:02.71]            at Swashbuckle.AspNetCore.SwaggerGen.SwaggerGenerator.GenerateOperationAsync(OpenApiDocument document, ApiDescription apiDescription, SchemaRepository schemaRepository, Func`4 parametersGenerator, Func`4 bodyGenerator, Func`3 applyFilters)&#xD;
[xUnit.net 00:00:02.71]         ----- Inner Stack Trace -----&#xD;
[xUnit.net 00:00:02.71]            at Swashbuckle.AspNetCore.SwaggerGen.SchemaRepository.RegisterType(Type type, String schemaId)&#xD;
[xUnit.net 00:00:02.71]            at Swashbuckle.AspNetCore.SwaggerGen.SchemaGenerator.GenerateReferencedSchema(DataContract dataContract, SchemaRepository schemaRepository, Func`1 definitionFactory)&#xD;
[xUnit.net 00:00:02.71]            at Swashbuckle.AspNetCore.SwaggerGen.SchemaGenerator.GenerateConcreteSchema(DataContract dataContract, SchemaRepository schemaRepository)&#xD;
[xUnit.net 00:00:02.71]            at Swashbuckle.AspNetCore.SwaggerGen.SchemaGenerator.GenerateSchemaForType(Type modelType, SchemaRepository schemaRepository)&#xD;
[xUnit.net 00:00:02.71]            at Swashbuckle.AspNetCore.SwaggerGen.SchemaGenerator.GenerateSchema(Type modelType, SchemaRepository schemaRepository, MemberInfo memberInfo, ParameterInfo parameterInfo, ApiParameterRouteInfo routeInfo)&#xD;
[xUnit.net 00:00:02.71]            at Swashbuckle.AspNetCore.SwaggerGen.SwaggerGenerator.GenerateSchema(Type type, SchemaRepository schemaRepository, PropertyInfo propertyInfo, ParameterInfo parameterInfo, ApiParameterRouteInfo routeInfo)&#xD;
[xUnit.net 00:00:18.83]   Finished:    Studio5Jarvis.Tests&#xD;
</StdOut>
    </Output>
    <RunInfos>
      <RunInfo computerName="PRATIKSHA" outcome="Error" timestamp="2026-09-22T14:36:51.3445899+05:30">
        <Text>[xUnit.net 00:00:02.70]     Jarvis5.Tests.EaFms.TaskReview.TaskReviewSwaggerTests.GeneratedContract_ExposesModuleRoutes_AndReusesSummary [FAIL]</Text>
      </RunInfo>
    </RunInfos>
  </ResultSummary>
</TestRun>